Archive member included to satisfy reference by file (symbol)

c:/altera_lite/15.1/nios2eds/bin/gnu/h-x86_64-mingw32/bin/../lib/gcc/nios2-elf/4.9.2/../../../../../H-x86_64-mingw32/nios2-elf/lib/mhw-mulx\libc.a(lib_a-memcpy.o)
                              obj/default/cpu_1.o (memcpy)
c:/altera_lite/15.1/nios2eds/bin/gnu/h-x86_64-mingw32/bin/../lib/gcc/nios2-elf/4.9.2/../../../../../H-x86_64-mingw32/nios2-elf/lib/mhw-mulx\libc.a(lib_a-memset.o)
                              obj/default/cpu_1.o (memset)
c:/altera_lite/15.1/nios2eds/bin/gnu/h-x86_64-mingw32/bin/../lib/gcc/nios2-elf/4.9.2/../../../../../H-x86_64-mingw32/nios2-elf/lib/mhw-mulx\libc.a(lib_a-printf.o)
                              obj/default/cpu_1.o (printf)
c:/altera_lite/15.1/nios2eds/bin/gnu/h-x86_64-mingw32/bin/../lib/gcc/nios2-elf/4.9.2/../../../../../H-x86_64-mingw32/nios2-elf/lib/mhw-mulx\libc.a(lib_a-putchar.o)
                              obj/default/cpu_1.o (putchar)
c:/altera_lite/15.1/nios2eds/bin/gnu/h-x86_64-mingw32/bin/../lib/gcc/nios2-elf/4.9.2/../../../../../H-x86_64-mingw32/nios2-elf/lib/mhw-mulx\libc.a(lib_a-puts.o)
                              obj/default/cpu_1.o (puts)
c:/altera_lite/15.1/nios2eds/bin/gnu/h-x86_64-mingw32/bin/../lib/gcc/nios2-elf/4.9.2/../../../../../H-x86_64-mingw32/nios2-elf/lib/mhw-mulx\libc.a(lib_a-strlen.o)
                              c:/altera_lite/15.1/nios2eds/bin/gnu/h-x86_64-mingw32/bin/../lib/gcc/nios2-elf/4.9.2/../../../../../H-x86_64-mingw32/nios2-elf/lib/mhw-mulx\libc.a(lib_a-puts.o) (strlen)
c:/altera_lite/15.1/nios2eds/bin/gnu/h-x86_64-mingw32/bin/../lib/gcc/nios2-elf/4.9.2/../../../../../H-x86_64-mingw32/nios2-elf/lib/mhw-mulx\libc.a(lib_a-vfprintf.o)
                              c:/altera_lite/15.1/nios2eds/bin/gnu/h-x86_64-mingw32/bin/../lib/gcc/nios2-elf/4.9.2/../../../../../H-x86_64-mingw32/nios2-elf/lib/mhw-mulx\libc.a(lib_a-printf.o) (___vfprintf_internal_r)
c:/altera_lite/15.1/nios2eds/bin/gnu/h-x86_64-mingw32/bin/../lib/gcc/nios2-elf/4.9.2/../../../../../H-x86_64-mingw32/nios2-elf/lib/mhw-mulx\libc.a(lib_a-wsetup.o)
                              c:/altera_lite/15.1/nios2eds/bin/gnu/h-x86_64-mingw32/bin/../lib/gcc/nios2-elf/4.9.2/../../../../../H-x86_64-mingw32/nios2-elf/lib/mhw-mulx\libc.a(lib_a-vfprintf.o) (__swsetup_r)
c:/altera_lite/15.1/nios2eds/bin/gnu/h-x86_64-mingw32/bin/../lib/gcc/nios2-elf/4.9.2/../../../../../H-x86_64-mingw32/nios2-elf/lib/mhw-mulx\libc.a(lib_a-dtoa.o)
                              c:/altera_lite/15.1/nios2eds/bin/gnu/h-x86_64-mingw32/bin/../lib/gcc/nios2-elf/4.9.2/../../../../../H-x86_64-mingw32/nios2-elf/lib/mhw-mulx\libc.a(lib_a-vfprintf.o) (_dtoa_r)
c:/altera_lite/15.1/nios2eds/bin/gnu/h-x86_64-mingw32/bin/../lib/gcc/nios2-elf/4.9.2/../../../../../H-x86_64-mingw32/nios2-elf/lib/mhw-mulx\libc.a(lib_a-fflush.o)
                              c:/altera_lite/15.1/nios2eds/bin/gnu/h-x86_64-mingw32/bin/../lib/gcc/nios2-elf/4.9.2/../../../../../H-x86_64-mingw32/nios2-elf/lib/mhw-mulx\libc.a(lib_a-vfprintf.o) (_fflush_r)
c:/altera_lite/15.1/nios2eds/bin/gnu/h-x86_64-mingw32/bin/../lib/gcc/nios2-elf/4.9.2/../../../../../H-x86_64-mingw32/nios2-elf/lib/mhw-mulx\libc.a(lib_a-findfp.o)
                              c:/altera_lite/15.1/nios2eds/bin/gnu/h-x86_64-mingw32/bin/../lib/gcc/nios2-elf/4.9.2/../../../../../H-x86_64-mingw32/nios2-elf/lib/mhw-mulx\libc.a(lib_a-vfprintf.o) (__sinit)
c:/altera_lite/15.1/nios2eds/bin/gnu/h-x86_64-mingw32/bin/../lib/gcc/nios2-elf/4.9.2/../../../../../H-x86_64-mingw32/nios2-elf/lib/mhw-mulx\libc.a(lib_a-freer.o)
                              c:/altera_lite/15.1/nios2eds/bin/gnu/h-x86_64-mingw32/bin/../lib/gcc/nios2-elf/4.9.2/../../../../../H-x86_64-mingw32/nios2-elf/lib/mhw-mulx\libc.a(lib_a-wsetup.o) (_free_r)
c:/altera_lite/15.1/nios2eds/bin/gnu/h-x86_64-mingw32/bin/../lib/gcc/nios2-elf/4.9.2/../../../../../H-x86_64-mingw32/nios2-elf/lib/mhw-mulx\libc.a(lib_a-fvwrite.o)
                              c:/altera_lite/15.1/nios2eds/bin/gnu/h-x86_64-mingw32/bin/../lib/gcc/nios2-elf/4.9.2/../../../../../H-x86_64-mingw32/nios2-elf/lib/mhw-mulx\libc.a(lib_a-puts.o) (__sfvwrite_r)
c:/altera_lite/15.1/nios2eds/bin/gnu/h-x86_64-mingw32/bin/../lib/gcc/nios2-elf/4.9.2/../../../../../H-x86_64-mingw32/nios2-elf/lib/mhw-mulx\libc.a(lib_a-fwalk.o)
                              c:/altera_lite/15.1/nios2eds/bin/gnu/h-x86_64-mingw32/bin/../lib/gcc/nios2-elf/4.9.2/../../../../../H-x86_64-mingw32/nios2-elf/lib/mhw-mulx\libc.a(lib_a-findfp.o) (_fwalk)
c:/altera_lite/15.1/nios2eds/bin/gnu/h-x86_64-mingw32/bin/../lib/gcc/nios2-elf/4.9.2/../../../../../H-x86_64-mingw32/nios2-elf/lib/mhw-mulx\libc.a(lib_a-impure.o)
                              c:/altera_lite/15.1/nios2eds/bin/gnu/h-x86_64-mingw32/bin/../lib/gcc/nios2-elf/4.9.2/../../../../../H-x86_64-mingw32/nios2-elf/lib/mhw-mulx\libc.a(lib_a-fflush.o) (_global_impure_ptr)
[...]
Memory Configuration

Name             Origin             Length             Attributes
reset            0x0000000000000000 0x0000000000000020
sdram_controller 0x0000000000000020 0x0000000000ffffe0
onchip_memory2_0 0x0000000004020000 0x0000000000020000
*default*        0x0000000000000000 0xffffffffffffffff

Linker script and memory map

LOAD ../cpu_1_bsp//obj/HAL/src/crt0.o
LOAD obj/default/cpu_1.o
LOAD c:/altera_lite/15.1/nios2eds/bin/gnu/h-x86_64-mingw32/bin/../lib/gcc/nios2-elf/4.9.2/../../../../../H-x86_64-mingw32/nios2-elf/lib/mhw-mulx\libstdc++.a
LOAD c:/altera_lite/15.1/nios2eds/bin/gnu/h-x86_64-mingw32/bin/../lib/gcc/nios2-elf/4.9.2/../../../../../H-x86_64-mingw32/nios2-elf/lib/mhw-mulx\libm.a
LOAD c:/altera_lite/15.1/nios2eds/bin/gnu/h-x86_64-mingw32/bin/../lib/gcc/nios2-elf/4.9.2/mhw-mulx\libgcc.a
START GROUP
LOAD c:/altera_lite/15.1/nios2eds/bin/gnu/h-x86_64-mingw32/bin/../lib/gcc/nios2-elf/4.9.2/../../../../../H-x86_64-mingw32/nios2-elf/lib/mhw-mulx\libc.a
LOAD c:/altera_lite/15.1/nios2eds/bin/gnu/h-x86_64-mingw32/bin/../lib/gcc/nios2-elf/4.9.2/mhw-mulx\libgcc.a
LOAD ../cpu_1_bsp/\libhal_bsp.a
LOAD c:/altera_lite/15.1/nios2eds/bin/gnu/h-x86_64-mingw32/bin/../lib/gcc/nios2-elf/4.9.2/../../../../../H-x86_64-mingw32/nios2-elf/lib/mhw-mulx\libm.a
END GROUP
LOAD c:/altera_lite/15.1/nios2eds/bin/gnu/h-x86_64-mingw32/bin/../lib/gcc/nios2-elf/4.9.2/mhw-mulx\libgcc.a
                0x0000000000000000                __alt_mem_sdram_controller = 0x0
                0x0000000004020000                __alt_mem_onchip_memory2_0 = 0x4020000

.entry          0x0000000000000000       0x20
 *(.entry)
 .entry         0x0000000000000000       0x20 ../cpu_1_bsp//obj/HAL/src/crt0.o
                0x0000000000000000                __reset

.exceptions     0x0000000000000020      0x220
                0x0000000000000020                PROVIDE (__ram_exceptions_start, ABSOLUTE (.))
                0x0000000000000020                . = ALIGN (0x20)
 *(.irq)
 *(.exceptions.entry.label)
 .exceptions.entry.label
                0x0000000000000020        0x0 ../cpu_1_bsp/\libhal_bsp.a(alt_irq_entry.o)
                0x0000000000000020                alt_irq_entry
 .exceptions.entry.label
                0x0000000000000020        0x0 ../cpu_1_bsp/\libhal_bsp.a(alt_exception_entry.o)
                0x0000000000000020                alt_exception
 *(.exceptions.entry.user)
 *(.exceptions.entry.ecc_fatal)
 *(.exceptions.entry)
 .exceptions.entry
                0x0000000000000020       0x54 ../cpu_1_bsp/\libhal_bsp.a(alt_exception_entry.o)
 *(.exceptions.irqtest.user)
 *(.exceptions.irqtest)
 .exceptions.irqtest
                0x0000000000000074       0x10 ../cpu_1_bsp/\libhal_bsp.a(alt_irq_entry.o)
 *(.exceptions.irqhandler.user)
 *(.exceptions.irqhandler)
 .exceptions.irqhandler
                0x0000000000000084        0x4 ../cpu_1_bsp/\libhal_bsp.a(alt_irq_entry.o)
 *(.exceptions.irqreturn.user)
 *(.exceptions.irqreturn)
 .exceptions.irqreturn
                0x0000000000000088        0x4 ../cpu_1_bsp/\libhal_bsp.a(alt_irq_entry.o)
 *(.exceptions.notirq.label)
 .exceptions.notirq.label
                0x000000000000008c        0x0 ../cpu_1_bsp/\libhal_bsp.a(alt_irq_entry.o)
 *(.exceptions.notirq.user)
 *(.exceptions.notirq)
 .exceptions.notirq
                0x000000000000008c        0x8 ../cpu_1_bsp/\libhal_bsp.a(alt_exception_entry.o)
 *(.exceptions.soft.user)
 *(.exceptions.soft)
 *(.exceptions.unknown.user)
 *(.exceptions.unknown)
 .exceptions.unknown
                0x0000000000000094       0x14 ../cpu_1_bsp/\libhal_bsp.a(alt_exception_entry.o)
 *(.exceptions.exit.label)
 .exceptions.exit.label
                0x00000000000000a8        0x0 ../cpu_1_bsp/\libhal_bsp.a(alt_irq_entry.o)
 .exceptions.exit.label
                0x00000000000000a8        0x0 ../cpu_1_bsp/\libhal_bsp.a(alt_exception_entry.o)
 *(.exceptions.exit.user)
 *(.exceptions.exit)
 .exceptions.exit
                0x00000000000000a8       0x54 ../cpu_1_bsp/\libhal_bsp.a(alt_exception_entry.o)
 *(.exceptions)
 .exceptions    0x00000000000000fc       0xd0 ../cpu_1_bsp/\libhal_bsp.a(alt_irq_handler.o)
                0x00000000000000fc                alt_irq_handler
 .exceptions    0x00000000000001cc       0x74 ../cpu_1_bsp/\libhal_bsp.a(alt_instruction_exception_entry.o)
                0x00000000000001cc                alt_instruction_exception_entry
                0x0000000000000240                PROVIDE (__ram_exceptions_end, ABSOLUTE (.))
                0x0000000000000020                PROVIDE (__flash_exceptions_start, LOADADDR (.exceptions))

.text           0x0000000000000240     0xf8f0
                0x0000000000000240                PROVIDE (stext, ABSOLUTE (.))
 *(.interp)
 *(.hash)
 *(.dynsym)
 *(.dynstr)
 *(.gnu.version)
 *(.gnu.version_d)
 *(.gnu.version_r)
 *(.rel.init)
 *(.rela.init)
 *(.rel.text .rel.text.* .rel.gnu.linkonce.t.*)
 *(.rela.text .rela.text.* .rela.gnu.linkonce.t.*)
 *(.rel.fini)
 *(.rela.fini)
 *(.rel.rodata .rel.rodata.* .rel.gnu.linkonce.r.*)
 *(.rela.rodata .rela.rodata.* .rela.gnu.linkonce.r.*)
 *(.rel.data .rel.data.* .rel.gnu.linkonce.d.*)
 *(.rela.data .rela.data.* .rela.gnu.linkonce.d.*)
 *(.rel.tdata .rel.tdata.* .rel.gnu.linkonce.td.*)
 *(.rela.tdata .rela.tdata.* .rela.gnu.linkonce.td.*)
 *(.rel.tbss .rel.tbss.* .rel.gnu.linkonce.tb.*)
 *(.rela.tbss .rela.tbss.* .rela.gnu.linkonce.tb.*)
 *(.rel.ctors)
 *(.rela.ctors)
 *(.rel.dtors)
 *(.rela.dtors)
 *(.rel.got)
 *(.rela.got)
 *(.rel.sdata .rel.sdata.* .rel.gnu.linkonce.s.*)
 *(.rela.sdata .rela.sdata.* .rela.gnu.linkonce.s.*)
 *(.rel.sbss .rel.sbss.* .rel.gnu.linkonce.sb.*)
 *(.rela.sbss .rela.sbss.* .rela.gnu.linkonce.sb.*)
 *(.rel.sdata2 .rel.sdata2.* .rel.gnu.linkonce.s2.*)
 *(.rela.sdata2 .rela.sdata2.* .rela.gnu.linkonce.s2.*)
 *(.rel.sbss2 .rel.sbss2.* .rel.gnu.linkonce.sb2.*)
 *(.rela.sbss2 .rela.sbss2.* .rela.gnu.linkonce.sb2.*)
 *(.rel.bss .rel.bss.* .rel.gnu.linkonce.b.*)
 *(.rela.bss .rela.bss.* .rela.gnu.linkonce.b.*)
 *(.rel.plt)
 *(.rela.plt)
 *(.rel.dyn)
 *(.init)
 *(.plt)
 *(.text .stub .text.* .gnu.linkonce.t.*)
 .text          0x0000000000000240       0x4c ../cpu_1_bsp//obj/HAL/src/crt0.o
                0x0000000000000240                _start
 .text          0x000000000000028c      0x2b8 obj/default/cpu_1.o
                0x000000000000028c                main
 .text          0x0000000000000544        0x0 c:/altera_lite/15.1/nios2eds/bin/gnu/h-x86_64-mingw32/bin/../lib/gcc/nios2-elf/4.9.2/../../../../../H-x86_64-mingw32/nios2-elf/lib/mhw-mulx\libc.a(lib_a-memcpy.o)
 .text.memcpy   0x0000000000000544      0x138 c:/altera_lite/15.1/nios2eds/bin/gnu/h-x86_64-mingw32/bin/../lib/gcc/nios2-elf/4.9.2/../../../../../H-x86_64-mingw32/nios2-elf/lib/mhw-mulx\libc.a(lib_a-memcpy.o)
                0x0000000000000544                memcpy
 .text          0x000000000000067c        0x0 c:/altera_lite/15.1/nios2eds/bin/gnu/h-x86_64-mingw32/bin/../lib/gcc/nios2-elf/4.9.2/../../../../../H-x86_64-mingw32/nios2-elf/lib/mhw-mulx\libc.a(lib_a-memset.o)
 .text.memset   0x000000000000067c      0x124 c:/altera_lite/15.1/nios2eds/bin/gnu/h-x86_64-mingw32/bin/../lib/gcc/nios2-elf/4.9.2/../../../../../H-x86_64-mingw32/nios2-elf/lib/mhw-mulx\libc.a(lib_a-memset.o)
                0x000000000000067c                memset
 .text          0x00000000000007a0        0x0 c:/altera_lite/15.1/nios2eds/bin/gnu/h-x86_64-mingw32/bin/../lib/gcc/nios2-elf/4.9.2/../../../../../H-x86_64-mingw32/nios2-elf/lib/mhw-mulx\libc.a(lib_a-printf.o)
 .text._printf_r
                0x00000000000007a0       0x2c c:/altera_lite/15.1/nios2eds/bin/gnu/h-x86_64-mingw32/bin/../lib/gcc/nios2-elf/4.9.2/../../../../../H-x86_64-mingw32/nios2-elf/lib/mhw-mulx\libc.a(lib_a-printf.o)
                0x00000000000007a0                _printf_r
 .text.printf   0x00000000000007cc       0x3c c:/altera_lite/15.1/nios2eds/bin/gnu/h-x86_64-mingw32/bin/../lib/gcc/nios2-elf/4.9.2/../../../../../H-x86_64-mingw32/nios2-elf/lib/mhw-mulx\libc.a(lib_a-printf.o)
                0x00000000000007cc                printf
 .text          0x0000000000000808        0x0 c:/altera_lite/15.1/nios2eds/bin/gnu/h-x86_64-mingw32/bin/../lib/gcc/nios2-elf/4.9.2/../../../../../H-x86_64-mingw32/nios2-elf/lib/mhw-mulx\libc.a(lib_a-putchar.o)
 .text._putchar_r
                0x0000000000000808        0x8 c:/altera_lite/15.1/nios2eds/bin/gnu/h-x86_64-mingw32/bin/../lib/gcc/nios2-elf/4.9.2/../../../../../H-x86_64-mingw32/nios2-elf/lib/mhw-mulx\libc.a(lib_a-putchar.o)
                0x0000000000000808                _putchar_r
 .text.putchar  0x0000000000000810       0x18 c:/altera_lite/15.1/nios2eds/bin/gnu/h-x86_64-mingw32/bin/../lib/gcc/nios2-elf/4.9.2/../../../../../H-x86_64-mingw32/nios2-elf/lib/mhw-mulx\libc.a(lib_a-putchar.o)
                0x0000000000000810                putchar
 .text          0x0000000000000828        0x0 c:/altera_lite/15.1/nios2eds/bin/gnu/h-x86_64-mingw32/bin/../lib/gcc/nios2-elf/4.9.2/../../../../../H-x86_64-mingw32/nios2-elf/lib/mhw-mulx\libc.a(lib_a-puts.o)
 .text._puts_r  0x0000000000000828       0xa8 c:/altera_lite/15.1/nios2eds/bin/gnu/h-x86_64-mingw32/bin/../lib/gcc/nios2-elf/4.9.2/../../../../../H-x86_64-mingw32/nios2-elf/lib/mhw-mulx\libc.a(lib_a-puts.o)
                0x0000000000000828                _puts_r
 .text.puts     0x00000000000008d0       0x14 c:/altera_lite/15.1/nios2eds/bin/gnu/h-x86_64-mingw32/bin/../lib/gcc/nios2-elf/4.9.2/../../../../../H-x86_64-mingw32/nios2-elf/lib/mhw-mulx\libc.a(lib_a-puts.o)
                0x00000000000008d0                puts
 .text          0x00000000000008e4        0x0 c:/altera_lite/15.1/nios2eds/bin/gnu/h-x86_64-mingw32/bin/../lib/gcc/nios2-elf/4.9.2/../../../../../H-x86_64-mingw32/nios2-elf/lib/mhw-mulx\libc.a(lib_a-strlen.o)
 .text.strlen   0x00000000000008e4       0x98 c:/altera_lite/15.1/nios2eds/bin/gnu/h-x86_64-mingw32/bin/../lib/gcc/nios2-elf/4.9.2/../../../../../H-x86_64-mingw32/nios2-elf/lib/mhw-mulx\libc.a(lib_a-strlen.o)
                0x00000000000008e4                strlen
 .text          0x000000000000097c        0x0 c:/altera_lite/15.1/nios2eds/bin/gnu/h-x86_64-mingw32/bin/../lib/gcc/nios2-elf/4.9.2/../../../../../H-x86_64-mingw32/nios2-elf/lib/mhw-mulx\libc.a(lib_a-vfprintf.o)
 .text.___vfprintf_internal_r
                0x000000000000097c     0x1f50 c:/altera_lite/15.1/nios2eds/bin/gnu/h-x86_64-mingw32/bin/../lib/gcc/nios2-elf/4.9.2/../../../../../H-x86_64-mingw32/nios2-elf/lib/mhw-mulx\libc.a(lib_a-vfprintf.o)
                0x000000000000097c                ___vfprintf_internal_r
 .text.__vfprintf_internal
                0x00000000000028cc       0x24 c:/altera_lite/15.1/nios2eds/bin/gnu/h-x86_64-mingw32/bin/../lib/gcc/nios2-elf/4.9.2/../../../../../H-x86_64-mingw32/nios2-elf/lib/mhw-mulx\libc.a(lib_a-vfprintf.o)
                0x00000000000028cc                __vfprintf_internal
 .text.__sbprintf
                0x00000000000028f0       0xbc c:/altera_lite/15.1/nios2eds/bin/gnu/h-x86_64-mingw32/bin/../lib/gcc/nios2-elf/4.9.2/../../../../../H-x86_64-mingw32/nios2-elf/lib/mhw-mulx\libc.a(lib_a-vfprintf.o)
 .text          0x00000000000029ac        0x0 c:/altera_lite/15.1/nios2eds/bin/gnu/h-x86_64-mingw32/bin/../lib/gcc/nios2-elf/4.9.2/../../../../../H-x86_64-mingw32/nios2-elf/lib/mhw-mulx\libc.a(lib_a-wsetup.o)
 .text.__swsetup_r
                0x00000000000029ac      0x154 c:/altera_lite/15.1/nios2eds/bin/gnu/h-x86_64-mingw32/bin/../lib/gcc/nios2-elf/4.9.2/../../../../../H-x86_64-mingw32/nios2-elf/lib/mhw-mulx\libc.a(lib_a-wsetup.o)
                0x00000000000029ac                __swsetup_r
 .text          0x0000000000002b00        0x0 c:/altera_lite/15.1/nios2eds/bin/gnu/h-x86_64-mingw32/bin/../lib/gcc/nios2-elf/4.9.2/../../../../../H-x86_64-mingw32/nios2-elf/lib/mhw-mulx\libc.a(lib_a-dtoa.o)
 .text.quorem   0x0000000000002b00      0x200 c:/altera_lite/15.1/nios2eds/bin/gnu/h-x86_64-mingw32/bin/../lib/gcc/nios2-elf/4.9.2/../../../../../H-x86_64-mingw32/nios2-elf/lib/mhw-mulx\libc.a(lib_a-dtoa.o)
 .text._dtoa_r  0x0000000000002d00     0x1728 c:/altera_lite/15.1/nios2eds/bin/gnu/h-x86_64-mingw32/bin/../lib/gcc/nios2-elf/4.9.2/../../../../../H-x86_64-mingw32/nios2-elf/lib/mhw-mulx\libc.a(lib_a-dtoa.o)
                0x0000000000002d00                _dtoa_r
 .text          0x0000000000004428        0x0 c:/altera_lite/15.1/nios2eds/bin/gnu/h-x86_64-mingw32/bin/../lib/gcc/nios2-elf/4.9.2/../../../../../H-x86_64-mingw32/nios2-elf/lib/mhw-mulx\libc.a(lib_a-fflush.o)
 .text.__sflush_r
                0x0000000000004428      0x208 c:/altera_lite/15.1/nios2eds/bin/gnu/h-x86_64-mingw32/bin/../lib/gcc/nios2-elf/4.9.2/../../../../../H-x86_64-mingw32/nios2-elf/lib/mhw-mulx\libc.a(lib_a-fflush.o)
                0x0000000000004428                __sflush_r
 .text._fflush_r
                0x0000000000004630       0x5c c:/altera_lite/15.1/nios2eds/bin/gnu/h-x86_64-mingw32/bin/../lib/gcc/nios2-elf/4.9.2/../../../../../H-x86_64-mingw32/nios2-elf/lib/mhw-mulx\libc.a(lib_a-fflush.o)
                0x0000000000004630                _fflush_r
 .text.fflush   0x000000000000468c       0x30 c:/altera_lite/15.1/nios2eds/bin/gnu/h-x86_64-mingw32/bin/../lib/gcc/nios2-elf/4.9.2/../../../../../H-x86_64-mingw32/nios2-elf/lib/mhw-mulx\libc.a(lib_a-fflush.o)
                0x000000000000468c                fflush
 .text          0x00000000000046bc        0x0 c:/altera_lite/15.1/nios2eds/bin/gnu/h-x86_64-mingw32/bin/../lib/gcc/nios2-elf/4.9.2/../../../../../H-x86_64-mingw32/nios2-elf/lib/mhw-mulx\libc.a(lib_a-findfp.o)
 .text.__fp_lock
                0x00000000000046bc        0x8 c:/altera_lite/15.1/nios2eds/bin/gnu/h-x86_64-mingw32/bin/../lib/gcc/nios2-elf/4.9.2/../../../../../H-x86_64-mingw32/nios2-elf/lib/mhw-mulx\libc.a(lib_a-findfp.o)
 .text.__fp_unlock
                0x00000000000046c4        0x8 c:/altera_lite/15.1/nios2eds/bin/gnu/h-x86_64-mingw32/bin/../lib/gcc/nios2-elf/4.9.2/../../../../../H-x86_64-mingw32/nios2-elf/lib/mhw-mulx\libc.a(lib_a-findfp.o)
 .text._cleanup_r
                0x00000000000046cc        0xc c:/altera_lite/15.1/nios2eds/bin/gnu/h-x86_64-mingw32/bin/../lib/gcc/nios2-elf/4.9.2/../../../../../H-x86_64-mingw32/nios2-elf/lib/mhw-mulx\libc.a(lib_a-findfp.o)
                0x00000000000046cc                _cleanup_r
 .text.__sinit.part.1
                0x00000000000046d8      0x19c c:/altera_lite/15.1/nios2eds/bin/gnu/h-x86_64-mingw32/bin/../lib/gcc/nios2-elf/4.9.2/../../../../../H-x86_64-mingw32/nios2-elf/lib/mhw-mulx\libc.a(lib_a-findfp.o)
 .text.__sfmoreglue
                0x0000000000004874       0x68 c:/altera_lite/15.1/nios2eds/bin/gnu/h-x86_64-mingw32/bin/../lib/gcc/nios2-elf/4.9.2/../../../../../H-x86_64-mingw32/nios2-elf/lib/mhw-mulx\libc.a(lib_a-findfp.o)
                0x0000000000004874                __sfmoreglue
 .text.__sfp    0x00000000000048dc      0x118 c:/altera_lite/15.1/nios2eds/bin/gnu/h-x86_64-mingw32/bin/../lib/gcc/nios2-elf/4.9.2/../../../../../H-x86_64-mingw32/nios2-elf/lib/mhw-mulx\libc.a(lib_a-findfp.o)
                0x00000000000048dc                __sfp
 .text._cleanup
                0x00000000000049f4       0x18 c:/altera_lite/15.1/nios2eds/bin/gnu/h-x86_64-mingw32/bin/../lib/gcc/nios2-elf/4.9.2/../../../../../H-x86_64-mingw32/nios2-elf/lib/mhw-mulx\libc.a(lib_a-findfp.o)
                0x00000000000049f4                _cleanup
 .text.__sinit  0x0000000000004a0c       0x10 c:/altera_lite/15.1/nios2eds/bin/gnu/h-x86_64-mingw32/bin/../lib/gcc/nios2-elf/4.9.2/../../../../../H-x86_64-mingw32/nios2-elf/lib/mhw-mulx\libc.a(lib_a-findfp.o)
                0x0000000000004a0c                __sinit
 .text.__sfp_lock_acquire
                0x0000000000004a1c        0x4 c:/altera_lite/15.1/nios2eds/bin/gnu/h-x86_64-mingw32/bin/../lib/gcc/nios2-elf/4.9.2/../../../../../H-x86_64-mingw32/nios2-elf/lib/mhw-mulx\libc.a(lib_a-findfp.o)
                0x0000000000004a1c                __sfp_lock_acquire
 .text.__sfp_lock_release
                0x0000000000004a20        0x4 c:/altera_lite/15.1/nios2eds/bin/gnu/h-x86_64-mingw32/bin/../lib/gcc/nios2-elf/4.9.2/../../../../../H-x86_64-mingw32/nios2-elf/lib/mhw-mulx\libc.a(lib_a-findfp.o)
                0x0000000000004a20                __sfp_lock_release
 .text.__sinit_lock_acquire
                0x0000000000004a24        0x4 c:/altera_lite/15.1/nios2eds/bin/gnu/h-x86_64-mingw32/bin/../lib/gcc/nios2-elf/4.9.2/../../../../../H-x86_64-mingw32/nios2-elf/lib/mhw-mulx\libc.a(lib_a-findfp.o)
                0x0000000000004a24                __sinit_lock_acquire
 .text.__sinit_lock_release
                0x0000000000004a28        0x4 c:/altera_lite/15.1/nios2eds/bin/gnu/h-x86_64-mingw32/bin/../lib/gcc/nios2-elf/4.9.2/../../../../../H-x86_64-mingw32/nios2-elf/lib/mhw-mulx\libc.a(lib_a-findfp.o)
                0x0000000000004a28                __sinit_lock_release
 .text.__fp_lock_all
                0x0000000000004a2c       0x18 c:/altera_lite/15.1/nios2eds/bin/gnu/h-x86_64-mingw32/bin/../lib/gcc/nios2-elf/4.9.2/../../../../../H-x86_64-mingw32/nios2-elf/lib/mhw-mulx\libc.a(lib_a-findfp.o)
                0x0000000000004a2c                __fp_lock_all
 .text.__fp_unlock_all
                0x0000000000004a44       0x18 c:/altera_lite/15.1/nios2eds/bin/gnu/h-x86_64-mingw32/bin/../lib/gcc/nios2-elf/4.9.2/../../../../../H-x86_64-mingw32/nios2-elf/lib/mhw-mulx\libc.a(lib_a-findfp.o)
                0x0000000000004a44                __fp_unlock_all
 .text          0x0000000000004a5c        0x0 c:/altera_lite/15.1/nios2eds/bin/gnu/h-x86_64-mingw32/bin/../lib/gcc/nios2-elf/4.9.2/../../../../../H-x86_64-mingw32/nios2-elf/lib/mhw-mulx\libc.a(lib_a-freer.o)
 .text._malloc_trim_r
                0x0000000000004a5c      0x124 c:/altera_lite/15.1/nios2eds/bin/gnu/h-x86_64-mingw32/bin/../lib/gcc/nios2-elf/4.9.2/../../../../../H-x86_64-mingw32/nios2-elf/lib/mhw-mulx\libc.a(lib_a-freer.o)
                0x0000000000004a5c                _malloc_trim_r
 .text._free_r  0x0000000000004b80      0x2f0 c:/altera_lite/15.1/nios2eds/bin/gnu/h-x86_64-mingw32/bin/../lib/gcc/nios2-elf/4.9.2/../../../../../H-x86_64-mingw32/nios2-elf/lib/mhw-mulx\libc.a(lib_a-freer.o)
                0x0000000000004b80                _free_r
 .text          0x0000000000004e70        0x0 c:/altera_lite/15.1/nios2eds/bin/gnu/h-x86_64-mingw32/bin/../lib/gcc/nios2-elf/4.9.2/../../../../../H-x86_64-mingw32/nios2-elf/lib/mhw-mulx\libc.a(lib_a-fvwrite.o)
 .text.__sfvwrite_r
                0x0000000000004e70      0x4c0 c:/altera_lite/15.1/nios2eds/bin/gnu/h-x86_64-mingw32/bin/../lib/gcc/nios2-elf/4.9.2/../../../../../H-x86_64-mingw32/nios2-elf/lib/mhw-mulx\libc.a(lib_a-fvwrite.o)
                0x0000000000004e70                __sfvwrite_r
 .text          0x0000000000005330        0x0 c:/altera_lite/15.1/nios2eds/bin/gnu/h-x86_64-mingw32/bin/../lib/gcc/nios2-elf/4.9.2/../../../../../H-x86_64-mingw32/nios2-elf/lib/mhw-mulx\libc.a(lib_a-fwalk.o)
 .text._fwalk   0x0000000000005330       0xc4 c:/altera_lite/15.1/nios2eds/bin/gnu/h-x86_64-mingw32/bin/../lib/gcc/nios2-elf/4.9.2/../../../../../H-x86_64-mingw32/nios2-elf/lib/mhw-mulx\libc.a(lib_a-fwalk.o)
                0x0000000000005330                _fwalk
 .text._fwalk_reent
                0x00000000000053f4       0xc4 c:/altera_lite/15.1/nios2eds/bin/gnu/h-x86_64-mingw32/bin/../lib/gcc/nios2-elf/4.9.2/../../../../../H-x86_64-mingw32/nios2-elf/lib/mhw-mulx\libc.a(lib_a-fwalk.o)
                0x00000000000053f4                _fwalk_reent
 .text          0x00000000000054b8        0x0 c:/altera_lite/15.1/nios2eds/bin/gnu/h-x86_64-mingw32/bin/../lib/gcc/nios2-elf/4.9.2/../../../../../H-x86_64-mingw32/nios2-elf/lib/mhw-mulx\libc.a(lib_a-impure.o)
 .text          0x00000000000054b8        0x0 c:/altera_lite/15.1/nios2eds/bin/gnu/h-x86_64-mingw32/bin/../lib/gcc/nios2-elf/4.9.2/../../../../../H-x86_64-mingw32/nios2-elf/lib/mhw-mulx\libc.a(lib_a-locale.o)
 .text._setlocale_r
                0x00000000000054b8       0x7c c:/altera_lite/15.1/nios2eds/bin/gnu/h-x86_64-mingw32/bin/../lib/gcc/nios2-elf/4.9.2/../../../../../H-x86_64-mingw32/nios2-elf/lib/mhw-mulx\libc.a(lib_a-locale.o)
                0x00000000000054b8                _setlocale_r
 .text.__locale_charset
                0x0000000000005534        0xc c:/altera_lite/15.1/nios2eds/bin/gnu/h-x86_64-mingw32/bin/../lib/gcc/nios2-elf/4.9.2/../../../../../H-x86_64-mingw32/nios2-elf/lib/mhw-mulx\libc.a(lib_a-locale.o)
                0x0000000000005534                __locale_charset
 .text.__locale_mb_cur_max
                0x0000000000005540       0x10 c:/altera_lite/15.1/nios2eds/bin/gnu/h-x86_64-mingw32/bin/../lib/gcc/nios2-elf/4.9.2/../../../../../H-x86_64-mingw32/nios2-elf/lib/mhw-mulx\libc.a(lib_a-locale.o)
                0x0000000000005540                __locale_mb_cur_max
 .text.__locale_msgcharset
                0x0000000000005550        0xc c:/altera_lite/15.1/nios2eds/bin/gnu/h-x86_64-mingw32/bin/../lib/gcc/nios2-elf/4.9.2/../../../../../H-x86_64-mingw32/nios2-elf/lib/mhw-mulx\libc.a(lib_a-locale.o)
                0x0000000000005550                __locale_msgcharset
 .text.__locale_cjk_lang
                0x000000000000555c        0x8 c:/altera_lite/15.1/nios2eds/bin/gnu/h-x86_64-mingw32/bin/../lib/gcc/nios2-elf/4.9.2/../../../../../H-x86_64-mingw32/nios2-elf/lib/mhw-mulx\libc.a(lib_a-locale.o)
                0x000000000000555c                __locale_cjk_lang
 .text._localeconv_r
                0x0000000000005564        0xc c:/altera_lite/15.1/nios2eds/bin/gnu/h-x86_64-mingw32/bin/../lib/gcc/nios2-elf/4.9.2/../../../../../H-x86_64-mingw32/nios2-elf/lib/mhw-mulx\libc.a(lib_a-locale.o)
                0x0000000000005564                _localeconv_r
 .text.setlocale
                0x0000000000005570       0x1c c:/altera_lite/15.1/nios2eds/bin/gnu/h-x86_64-mingw32/bin/../lib/gcc/nios2-elf/4.9.2/../../../../../H-x86_64-mingw32/nios2-elf/lib/mhw-mulx\libc.a(lib_a-locale.o)
                0x0000000000005570                setlocale
 .text.localeconv
                0x000000000000558c        0xc c:/altera_lite/15.1/nios2eds/bin/gnu/h-x86_64-mingw32/bin/../lib/gcc/nios2-elf/4.9.2/../../../../../H-x86_64-mingw32/nios2-elf/lib/mhw-mulx\libc.a(lib_a-locale.o)
                0x000000000000558c                localeconv
 .text          0x0000000000005598        0x0 c:/altera_lite/15.1/nios2eds/bin/gnu/h-x86_64-mingw32/bin/../lib/gcc/nios2-elf/4.9.2/../../../../../H-x86_64-mingw32/nios2-elf/lib/mhw-mulx\libc.a(lib_a-makebuf.o)
 .text.__smakebuf_r
                0x0000000000005598      0x1b8 c:/altera_lite/15.1/nios2eds/bin/gnu/h-x86_64-mingw32/bin/../lib/gcc/nios2-elf/4.9.2/../../../../../H-x86_64-mingw32/nios2-elf/lib/mhw-mulx\libc.a(lib_a-makebuf.o)
                0x0000000000005598                __smakebuf_r
 .text          0x0000000000005750        0x0 c:/altera_lite/15.1/nios2eds/bin/gnu/h-x86_64-mingw32/bin/../lib/gcc/nios2-elf/4.9.2/../../../../../H-x86_64-mingw32/nios2-elf/lib/mhw-mulx\libc.a(lib_a-mallocr.o)
 .text._malloc_r
                0x0000000000005750      0x7a8 c:/altera_lite/15.1/nios2eds/bin/gnu/h-x86_64-mingw32/bin/../lib/gcc/nios2-elf/4.9.2/../../../../../H-x86_64-mingw32/nios2-elf/lib/mhw-mulx\libc.a(lib_a-mallocr.o)
                0x0000000000005750                _malloc_r
 .text          0x0000000000005ef8        0x0 c:/altera_lite/15.1/nios2eds/bin/gnu/h-x86_64-mingw32/bin/../lib/gcc/nios2-elf/4.9.2/../../../../../H-x86_64-mingw32/nios2-elf/lib/mhw-mulx\libc.a(lib_a-memchr.o)
 .text.memchr   0x0000000000005ef8       0xe8 c:/altera_lite/15.1/nios2eds/bin/gnu/h-x86_64-mingw32/bin/../lib/gcc/nios2-elf/4.9.2/../../../../../H-x86_64-mingw32/nios2-elf/lib/mhw-mulx\libc.a(lib_a-memchr.o)
                0x0000000000005ef8                memchr
 .text          0x0000000000005fe0        0x0 c:/altera_lite/15.1/nios2eds/bin/gnu/h-x86_64-mingw32/bin/../lib/gcc/nios2-elf/4.9.2/../../../../../H-x86_64-mingw32/nios2-elf/lib/mhw-mulx\libc.a(lib_a-memmove.o)
 .text.memmove  0x0000000000005fe0      0x15c c:/altera_lite/15.1/nios2eds/bin/gnu/h-x86_64-mingw32/bin/../lib/gcc/nios2-elf/4.9.2/../../../../../H-x86_64-mingw32/nios2-elf/lib/mhw-mulx\libc.a(lib_a-memmove.o)
                0x0000000000005fe0                memmove
 .text          0x000000000000613c        0x0 c:/altera_lite/15.1/nios2eds/bin/gnu/h-x86_64-mingw32/bin/../lib/gcc/nios2-elf/4.9.2/../../../../../H-x86_64-mingw32/nios2-elf/lib/mhw-mulx\libc.a(lib_a-mprec.o)
 .text._Balloc  0x000000000000613c       0xa8 c:/altera_lite/15.1/nios2eds/bin/gnu/h-x86_64-mingw32/bin/../lib/gcc/nios2-elf/4.9.2/../../../../../H-x86_64-mingw32/nios2-elf/lib/mhw-mulx\libc.a(lib_a-mprec.o)
                0x000000000000613c                _Balloc
 .text._Bfree   0x00000000000061e4       0x28 c:/altera_lite/15.1/nios2eds/bin/gnu/h-x86_64-mingw32/bin/../lib/gcc/nios2-elf/4.9.2/../../../../../H-x86_64-mingw32/nios2-elf/lib/mhw-mulx\libc.a(lib_a-mprec.o)
                0x00000000000061e4                _Bfree
 .text.__multadd
                0x000000000000620c      0x120 c:/altera_lite/15.1/nios2eds/bin/gnu/h-x86_64-mingw32/bin/../lib/gcc/nios2-elf/4.9.2/../../../../../H-x86_64-mingw32/nios2-elf/lib/mhw-mulx\libc.a(lib_a-mprec.o)
                0x000000000000620c                __multadd
 .text.__s2b    0x000000000000632c      0x104 c:/altera_lite/15.1/nios2eds/bin/gnu/h-x86_64-mingw32/bin/../lib/gcc/nios2-elf/4.9.2/../../../../../H-x86_64-mingw32/nios2-elf/lib/mhw-mulx\libc.a(lib_a-mprec.o)
                0x000000000000632c                __s2b
 .text.__hi0bits
                0x0000000000006430       0x68 c:/altera_lite/15.1/nios2eds/bin/gnu/h-x86_64-mingw32/bin/../lib/gcc/nios2-elf/4.9.2/../../../../../H-x86_64-mingw32/nios2-elf/lib/mhw-mulx\libc.a(lib_a-mprec.o)
                0x0000000000006430                __hi0bits
 .text.__lo0bits
                0x0000000000006498       0xb0 c:/altera_lite/15.1/nios2eds/bin/gnu/h-x86_64-mingw32/bin/../lib/gcc/nios2-elf/4.9.2/../../../../../H-x86_64-mingw32/nios2-elf/lib/mhw-mulx\libc.a(lib_a-mprec.o)
                0x0000000000006498                __lo0bits
 .text.__i2b    0x0000000000006548       0x3c c:/altera_lite/15.1/nios2eds/bin/gnu/h-x86_64-mingw32/bin/../lib/gcc/nios2-elf/4.9.2/../../../../../H-x86_64-mingw32/nios2-elf/lib/mhw-mulx\libc.a(lib_a-mprec.o)
                0x0000000000006548                __i2b
 .text.__multiply
                0x0000000000006584      0x1fc c:/altera_lite/15.1/nios2eds/bin/gnu/h-x86_64-mingw32/bin/../lib/gcc/nios2-elf/4.9.2/../../../../../H-x86_64-mingw32/nios2-elf/lib/mhw-mulx\libc.a(lib_a-mprec.o)
                0x0000000000006584                __multiply
 .text.__pow5mult
                0x0000000000006780      0x140 c:/altera_lite/15.1/nios2eds/bin/gnu/h-x86_64-mingw32/bin/../lib/gcc/nios2-elf/4.9.2/../../../../../H-x86_64-mingw32/nios2-elf/lib/mhw-mulx\libc.a(lib_a-mprec.o)
                0x0000000000006780                __pow5mult
 .text.__lshift
                0x00000000000068c0      0x150 c:/altera_lite/15.1/nios2eds/bin/gnu/h-x86_64-mingw32/bin/../lib/gcc/nios2-elf/4.9.2/../../../../../H-x86_64-mingw32/nios2-elf/lib/mhw-mulx\libc.a(lib_a-mprec.o)
                0x00000000000068c0                __lshift
 .text.__mcmp   0x0000000000006a10       0x60 c:/altera_lite/15.1/nios2eds/bin/gnu/h-x86_64-mingw32/bin/../lib/gcc/nios2-elf/4.9.2/../../../../../H-x86_64-mingw32/nios2-elf/lib/mhw-mulx\libc.a(lib_a-mprec.o)
                0x0000000000006a10                __mcmp
 .text.__mdiff  0x0000000000006a70      0x198 c:/altera_lite/15.1/nios2eds/bin/gnu/h-x86_64-mingw32/bin/../lib/gcc/nios2-elf/4.9.2/../../../../../H-x86_64-mingw32/nios2-elf/lib/mhw-mulx\libc.a(lib_a-mprec.o)
                0x0000000000006a70                __mdiff
 .text.__ulp    0x0000000000006c08       0x60 c:/altera_lite/15.1/nios2eds/bin/gnu/h-x86_64-mingw32/bin/../lib/gcc/nios2-elf/4.9.2/../../../../../H-x86_64-mingw32/nios2-elf/lib/mhw-mulx\libc.a(lib_a-mprec.o)
                0x0000000000006c08                __ulp
 .text.__b2d    0x0000000000006c68      0x11c c:/altera_lite/15.1/nios2eds/bin/gnu/h-x86_64-mingw32/bin/../lib/gcc/nios2-elf/4.9.2/../../../../../H-x86_64-mingw32/nios2-elf/lib/mhw-mulx\libc.a(lib_a-mprec.o)
                0x0000000000006c68                __b2d
 .text.__d2b    0x0000000000006d84      0x13c c:/altera_lite/15.1/nios2eds/bin/gnu/h-x86_64-mingw32/bin/../lib/gcc/nios2-elf/4.9.2/../../../../../H-x86_64-mingw32/nios2-elf/lib/mhw-mulx\libc.a(lib_a-mprec.o)
                0x0000000000006d84                __d2b
 .text.__ratio  0x0000000000006ec0       0xa4 c:/altera_lite/15.1/nios2eds/bin/gnu/h-x86_64-mingw32/bin/../lib/gcc/nios2-elf/4.9.2/../../../../../H-x86_64-mingw32/nios2-elf/lib/mhw-mulx\libc.a(lib_a-mprec.o)
                0x0000000000006ec0                __ratio
 .text._mprec_log10
                0x0000000000006f64       0x74 c:/altera_lite/15.1/nios2eds/bin/gnu/h-x86_64-mingw32/bin/../lib/gcc/nios2-elf/4.9.2/../../../../../H-x86_64-mingw32/nios2-elf/lib/mhw-mulx\libc.a(lib_a-mprec.o)
                0x0000000000006f64                _mprec_log10
 .text.__copybits
                0x0000000000006fd8       0x78 c:/altera_lite/15.1/nios2eds/bin/gnu/h-x86_64-mingw32/bin/../lib/gcc/nios2-elf/4.9.2/../../../../../H-x86_64-mingw32/nios2-elf/lib/mhw-mulx\libc.a(lib_a-mprec.o)
                0x0000000000006fd8                __copybits
 .text.__any_on
                0x0000000000007050       0x8c c:/altera_lite/15.1/nios2eds/bin/gnu/h-x86_64-mingw32/bin/../lib/gcc/nios2-elf/4.9.2/../../../../../H-x86_64-mingw32/nios2-elf/lib/mhw-mulx\libc.a(lib_a-mprec.o)
                0x0000000000007050                __any_on
 .text          0x00000000000070dc        0x0 c:/altera_lite/15.1/nios2eds/bin/gnu/h-x86_64-mingw32/bin/../lib/gcc/nios2-elf/4.9.2/../../../../../H-x86_64-mingw32/nios2-elf/lib/mhw-mulx\libc.a(lib_a-putc.o)
 .text._putc_r  0x00000000000070dc       0xa0 c:/altera_lite/15.1/nios2eds/bin/gnu/h-x86_64-mingw32/bin/../lib/gcc/nios2-elf/4.9.2/../../../../../H-x86_64-mingw32/nios2-elf/lib/mhw-mulx\libc.a(lib_a-putc.o)
                0x00000000000070dc                _putc_r
 .text.putc     0x000000000000717c       0xcc c:/altera_lite/15.1/nios2eds/bin/gnu/h-x86_64-mingw32/bin/../lib/gcc/nios2-elf/4.9.2/../../../../../H-x86_64-mingw32/nios2-elf/lib/mhw-mulx\libc.a(lib_a-putc.o)
                0x000000000000717c                putc
 .text          0x0000000000007248        0x0 c:/altera_lite/15.1/nios2eds/bin/gnu/h-x86_64-mingw32/bin/../lib/gcc/nios2-elf/4.9.2/../../../../../H-x86_64-mingw32/nios2-elf/lib/mhw-mulx\libc.a(lib_a-reallocr.o)
 .text._realloc_r
                0x0000000000007248      0x568 c:/altera_lite/15.1/nios2eds/bin/gnu/h-x86_64-mingw32/bin/../lib/gcc/nios2-elf/4.9.2/../../../../../H-x86_64-mingw32/nios2-elf/lib/mhw-mulx\libc.a(lib_a-reallocr.o)
                0x0000000000007248                _realloc_r
 .text          0x00000000000077b0        0x0 c:/altera_lite/15.1/nios2eds/bin/gnu/h-x86_64-mingw32/bin/../lib/gcc/nios2-elf/4.9.2/../../../../../H-x86_64-mingw32/nios2-elf/lib/mhw-mulx\libc.a(lib_a-s_fpclassify.o)
 .text.__fpclassifyd
                0x00000000000077b0       0x74 c:/altera_lite/15.1/nios2eds/bin/gnu/h-x86_64-mingw32/bin/../lib/gcc/nios2-elf/4.9.2/../../../../../H-x86_64-mingw32/nios2-elf/lib/mhw-mulx\libc.a(lib_a-s_fpclassify.o)
                0x00000000000077b0                __fpclassifyd
 .text          0x0000000000007824        0x0 c:/altera_lite/15.1/nios2eds/bin/gnu/h-x86_64-mingw32/bin/../lib/gcc/nios2-elf/4.9.2/../../../../../H-x86_64-mingw32/nios2-elf/lib/mhw-mulx\libc.a(lib_a-sbrkr.o)
 .text._sbrk_r  0x0000000000007824       0x54 c:/altera_lite/15.1/nios2eds/bin/gnu/h-x86_64-mingw32/bin/../lib/gcc/nios2-elf/4.9.2/../../../../../H-x86_64-mingw32/nios2-elf/lib/mhw-mulx\libc.a(lib_a-sbrkr.o)
                0x0000000000007824                _sbrk_r
 .text          0x0000000000007878        0x0 c:/altera_lite/15.1/nios2eds/bin/gnu/h-x86_64-mingw32/bin/../lib/gcc/nios2-elf/4.9.2/../../../../../H-x86_64-mingw32/nios2-elf/lib/mhw-mulx\libc.a(lib_a-stdio.o)
 .text.__sread  0x0000000000007878       0x54 c:/altera_lite/15.1/nios2eds/bin/gnu/h-x86_64-mingw32/bin/../lib/gcc/nios2-elf/4.9.2/../../../../../H-x86_64-mingw32/nios2-elf/lib/mhw-mulx\libc.a(lib_a-stdio.o)
                0x0000000000007878                __sread
 .text.__seofread
                0x00000000000078cc        0x8 c:/altera_lite/15.1/nios2eds/bin/gnu/h-x86_64-mingw32/bin/../lib/gcc/nios2-elf/4.9.2/../../../../../H-x86_64-mingw32/nios2-elf/lib/mhw-mulx\libc.a(lib_a-stdio.o)
                0x00000000000078cc                __seofread
 .text.__swrite
                0x00000000000078d4       0x7c c:/altera_lite/15.1/nios2eds/bin/gnu/h-x86_64-mingw32/bin/../lib/gcc/nios2-elf/4.9.2/../../../../../H-x86_64-mingw32/nios2-elf/lib/mhw-mulx\libc.a(lib_a-stdio.o)
                0x00000000000078d4                __swrite
 .text.__sseek  0x0000000000007950       0x5c c:/altera_lite/15.1/nios2eds/bin/gnu/h-x86_64-mingw32/bin/../lib/gcc/nios2-elf/4.9.2/../../../../../H-x86_64-mingw32/nios2-elf/lib/mhw-mulx\libc.a(lib_a-stdio.o)
                0x0000000000007950                __sseek
 .text.__sclose
                0x00000000000079ac        0x8 c:/altera_lite/15.1/nios2eds/bin/gnu/h-x86_64-mingw32/bin/../lib/gcc/nios2-elf/4.9.2/../../../../../H-x86_64-mingw32/nios2-elf/lib/mhw-mulx\libc.a(lib_a-stdio.o)
                0x00000000000079ac                __sclose
 .text          0x00000000000079b4        0x0 c:/altera_lite/15.1/nios2eds/bin/gnu/h-x86_64-mingw32/bin/../lib/gcc/nios2-elf/4.9.2/../../../../../H-x86_64-mingw32/nios2-elf/lib/mhw-mulx\libc.a(lib_a-strcmp.o)
 .text.strcmp   0x00000000000079b4       0xa4 c:/altera_lite/15.1/nios2eds/bin/gnu/h-x86_64-mingw32/bin/../lib/gcc/nios2-elf/4.9.2/../../../../../H-x86_64-mingw32/nios2-elf/lib/mhw-mulx\libc.a(lib_a-strcmp.o)
                0x00000000000079b4                strcmp
 .text          0x0000000000007a58        0x0 c:/altera_lite/15.1/nios2eds/bin/gnu/h-x86_64-mingw32/bin/../lib/gcc/nios2-elf/4.9.2/../../../../../H-x86_64-mingw32/nios2-elf/lib/mhw-mulx\libc.a(lib_a-vfiprintf.o)
 .text.__sprint_r.part.0
                0x0000000000007a58       0xfc c:/altera_lite/15.1/nios2eds/bin/gnu/h-x86_64-mingw32/bin/../lib/gcc/nios2-elf/4.9.2/../../../../../H-x86_64-mingw32/nios2-elf/lib/mhw-mulx\libc.a(lib_a-vfiprintf.o)
 .text.__sprint_r
                0x0000000000007b54       0x18 c:/altera_lite/15.1/nios2eds/bin/gnu/h-x86_64-mingw32/bin/../lib/gcc/nios2-elf/4.9.2/../../../../../H-x86_64-mingw32/nios2-elf/lib/mhw-mulx\libc.a(lib_a-vfiprintf.o)
                0x0000000000007b54                __sprint_r
 .text.___vfiprintf_internal_r
                0x0000000000007b6c     0x12d0 c:/altera_lite/15.1/nios2eds/bin/gnu/h-x86_64-mingw32/bin/../lib/gcc/nios2-elf/4.9.2/../../../../../H-x86_64-mingw32/nios2-elf/lib/mhw-mulx\libc.a(lib_a-vfiprintf.o)
                0x0000000000007b6c                ___vfiprintf_internal_r
 .text.__vfiprintf_internal
                0x0000000000008e3c       0x24 c:/altera_lite/15.1/nios2eds/bin/gnu/h-x86_64-mingw32/bin/../lib/gcc/nios2-elf/4.9.2/../../../../../H-x86_64-mingw32/nios2-elf/lib/mhw-mulx\libc.a(lib_a-vfiprintf.o)
                0x0000000000008e3c                __vfiprintf_internal
 .text.__sbprintf
                0x0000000000008e60       0xbc c:/altera_lite/15.1/nios2eds/bin/gnu/h-x86_64-mingw32/bin/../lib/gcc/nios2-elf/4.9.2/../../../../../H-x86_64-mingw32/nios2-elf/lib/mhw-mulx\libc.a(lib_a-vfiprintf.o)
 .text          0x0000000000008f1c        0x0 c:/altera_lite/15.1/nios2eds/bin/gnu/h-x86_64-mingw32/bin/../lib/gcc/nios2-elf/4.9.2/../../../../../H-x86_64-mingw32/nios2-elf/lib/mhw-mulx\libc.a(lib_a-wbuf.o)
 .text.__swbuf_r
                0x0000000000008f1c      0x138 c:/altera_lite/15.1/nios2eds/bin/gnu/h-x86_64-mingw32/bin/../lib/gcc/nios2-elf/4.9.2/../../../../../H-x86_64-mingw32/nios2-elf/lib/mhw-mulx\libc.a(lib_a-wbuf.o)
                0x0000000000008f1c                __swbuf_r
 .text.__swbuf  0x0000000000009054       0x1c c:/altera_lite/15.1/nios2eds/bin/gnu/h-x86_64-mingw32/bin/../lib/gcc/nios2-elf/4.9.2/../../../../../H-x86_64-mingw32/nios2-elf/lib/mhw-mulx\libc.a(lib_a-wbuf.o)
                0x0000000000009054                __swbuf
 .text          0x0000000000009070        0x0 c:/altera_lite/15.1/nios2eds/bin/gnu/h-x86_64-mingw32/bin/../lib/gcc/nios2-elf/4.9.2/../../../../../H-x86_64-mingw32/nios2-elf/lib/mhw-mulx\libc.a(lib_a-writer.o)
 .text._write_r
                0x0000000000009070       0x5c c:/altera_lite/15.1/nios2eds/bin/gnu/h-x86_64-mingw32/bin/../lib/gcc/nios2-elf/4.9.2/../../../../../H-x86_64-mingw32/nios2-elf/lib/mhw-mulx\libc.a(lib_a-writer.o)
                0x0000000000009070                _write_r
 .text          0x00000000000090cc        0x0 c:/altera_lite/15.1/nios2eds/bin/gnu/h-x86_64-mingw32/bin/../lib/gcc/nios2-elf/4.9.2/../../../../../H-x86_64-mingw32/nios2-elf/lib/mhw-mulx\libc.a(closer.o)
 .text._close_r
                0x00000000000090cc       0x54 c:/altera_lite/15.1/nios2eds/bin/gnu/h-x86_64-mingw32/bin/../lib/gcc/nios2-elf/4.9.2/../../../../../H-x86_64-mingw32/nios2-elf/lib/mhw-mulx\libc.a(closer.o)
                0x00000000000090cc                _close_r
 .text          0x0000000000009120        0x0 c:/altera_lite/15.1/nios2eds/bin/gnu/h-x86_64-mingw32/bin/../lib/gcc/nios2-elf/4.9.2/../../../../../H-x86_64-mingw32/nios2-elf/lib/mhw-mulx\libc.a(lib_a-callocr.o)
 .text._calloc_r
                0x0000000000009120       0xc4 c:/altera_lite/15.1/nios2eds/bin/gnu/h-x86_64-mingw32/bin/../lib/gcc/nios2-elf/4.9.2/../../../../../H-x86_64-mingw32/nios2-elf/lib/mhw-mulx\libc.a(lib_a-callocr.o)
                0x0000000000009120                _calloc_r
 .text          0x00000000000091e4        0x0 c:/altera_lite/15.1/nios2eds/bin/gnu/h-x86_64-mingw32/bin/../lib/gcc/nios2-elf/4.9.2/../../../../../H-x86_64-mingw32/nios2-elf/lib/mhw-mulx\libc.a(lib_a-fclose.o)
 .text._fclose_r
                0x00000000000091e4       0xf0 c:/altera_lite/15.1/nios2eds/bin/gnu/h-x86_64-mingw32/bin/../lib/gcc/nios2-elf/4.9.2/../../../../../H-x86_64-mingw32/nios2-elf/lib/mhw-mulx\libc.a(lib_a-fclose.o)
                0x00000000000091e4                _fclose_r
 .text.fclose   0x00000000000092d4       0x14 c:/altera_lite/15.1/nios2eds/bin/gnu/h-x86_64-mingw32/bin/../lib/gcc/nios2-elf/4.9.2/../../../../../H-x86_64-mingw32/nios2-elf/lib/mhw-mulx\libc.a(lib_a-fclose.o)
                0x00000000000092d4                fclose
 .text          0x00000000000092e8        0x0 c:/altera_lite/15.1/nios2eds/bin/gnu/h-x86_64-mingw32/bin/../lib/gcc/nios2-elf/4.9.2/../../../../../H-x86_64-mingw32/nios2-elf/lib/mhw-mulx\libc.a(lib_a-fputwc.o)
 .text._fputwc_r
                0x00000000000092e8      0x184 c:/altera_lite/15.1/nios2eds/bin/gnu/h-x86_64-mingw32/bin/../lib/gcc/nios2-elf/4.9.2/../../../../../H-x86_64-mingw32/nios2-elf/lib/mhw-mulx\libc.a(lib_a-fputwc.o)
                0x00000000000092e8                _fputwc_r
 .text.fputwc   0x000000000000946c       0x5c c:/altera_lite/15.1/nios2eds/bin/gnu/h-x86_64-mingw32/bin/../lib/gcc/nios2-elf/4.9.2/../../../../../H-x86_64-mingw32/nios2-elf/lib/mhw-mulx\libc.a(lib_a-fputwc.o)
                0x000000000000946c                fputwc
 .text          0x00000000000094c8        0x0 c:/altera_lite/15.1/nios2eds/bin/gnu/h-x86_64-mingw32/bin/../lib/gcc/nios2-elf/4.9.2/../../../../../H-x86_64-mingw32/nios2-elf/lib/mhw-mulx\libc.a(lib_a-fstatr.o)
 .text._fstat_r
                0x00000000000094c8       0x58 c:/altera_lite/15.1/nios2eds/bin/gnu/h-x86_64-mingw32/bin/../lib/gcc/nios2-elf/4.9.2/../../../../../H-x86_64-mingw32/nios2-elf/lib/mhw-mulx\libc.a(lib_a-fstatr.o)
                0x00000000000094c8                _fstat_r
 .text          0x0000000000009520        0x0 c:/altera_lite/15.1/nios2eds/bin/gnu/h-x86_64-mingw32/bin/../lib/gcc/nios2-elf/4.9.2/../../../../../H-x86_64-mingw32/nios2-elf/lib/mhw-mulx\libc.a(lib_a-int_errno.o)
 .text          0x0000000000009520        0x0 c:/altera_lite/15.1/nios2eds/bin/gnu/h-x86_64-mingw32/bin/../lib/gcc/nios2-elf/4.9.2/../../../../../H-x86_64-mingw32/nios2-elf/lib/mhw-mulx\libc.a(lib_a-isattyr.o)
 .text._isatty_r
                0x0000000000009520       0x54 c:/altera_lite/15.1/nios2eds/bin/gnu/h-x86_64-mingw32/bin/../lib/gcc/nios2-elf/4.9.2/../../../../../H-x86_64-mingw32/nios2-elf/lib/mhw-mulx\libc.a(lib_a-isattyr.o)
                0x0000000000009520                _isatty_r
 .text          0x0000000000009574        0x0 c:/altera_lite/15.1/nios2eds/bin/gnu/h-x86_64-mingw32/bin/../lib/gcc/nios2-elf/4.9.2/../../../../../H-x86_64-mingw32/nios2-elf/lib/mhw-mulx\libc.a(lib_a-lseekr.o)
 .text._lseek_r
                0x0000000000009574       0x5c c:/altera_lite/15.1/nios2eds/bin/gnu/h-x86_64-mingw32/bin/../lib/gcc/nios2-elf/4.9.2/../../../../../H-x86_64-mingw32/nios2-elf/lib/mhw-mulx\libc.a(lib_a-lseekr.o)
                0x0000000000009574                _lseek_r
 .text          0x00000000000095d0        0x0 c:/altera_lite/15.1/nios2eds/bin/gnu/h-x86_64-mingw32/bin/../lib/gcc/nios2-elf/4.9.2/../../../../../H-x86_64-mingw32/nios2-elf/lib/mhw-mulx\libc.a(lib_a-readr.o)
 .text._read_r  0x00000000000095d0       0x5c c:/altera_lite/15.1/nios2eds/bin/gnu/h-x86_64-mingw32/bin/../lib/gcc/nios2-elf/4.9.2/../../../../../H-x86_64-mingw32/nios2-elf/lib/mhw-mulx\libc.a(lib_a-readr.o)
                0x00000000000095d0                _read_r
 .text          0x000000000000962c        0x0 c:/altera_lite/15.1/nios2eds/bin/gnu/h-x86_64-mingw32/bin/../lib/gcc/nios2-elf/4.9.2/../../../../../H-x86_64-mingw32/nios2-elf/lib/mhw-mulx\libc.a(lib_a-wcrtomb.o)
 .text._wcrtomb_r
                0x000000000000962c       0x9c c:/altera_lite/15.1/nios2eds/bin/gnu/h-x86_64-mingw32/bin/../lib/gcc/nios2-elf/4.9.2/../../../../../H-x86_64-mingw32/nios2-elf/lib/mhw-mulx\libc.a(lib_a-wcrtomb.o)
                0x000000000000962c                _wcrtomb_r
 .text.wcrtomb  0x00000000000096c8       0xc0 c:/altera_lite/15.1/nios2eds/bin/gnu/h-x86_64-mingw32/bin/../lib/gcc/nios2-elf/4.9.2/../../../../../H-x86_64-mingw32/nios2-elf/lib/mhw-mulx\libc.a(lib_a-wcrtomb.o)
                0x00000000000096c8                wcrtomb
 .text          0x0000000000009788        0x0 c:/altera_lite/15.1/nios2eds/bin/gnu/h-x86_64-mingw32/bin/../lib/gcc/nios2-elf/4.9.2/../../../../../H-x86_64-mingw32/nios2-elf/lib/mhw-mulx\libc.a(lib_a-wctomb_r.o)
 .text.__ascii_wctomb
                0x0000000000009788       0x30 c:/altera_lite/15.1/nios2eds/bin/gnu/h-x86_64-mingw32/bin/../lib/gcc/nios2-elf/4.9.2/../../../../../H-x86_64-mingw32/nios2-elf/lib/mhw-mulx\libc.a(lib_a-wctomb_r.o)
                0x0000000000009788                __ascii_wctomb
 .text._wctomb_r
                0x00000000000097b8       0x5c c:/altera_lite/15.1/nios2eds/bin/gnu/h-x86_64-mingw32/bin/../lib/gcc/nios2-elf/4.9.2/../../../../../H-x86_64-mingw32/nios2-elf/lib/mhw-mulx\libc.a(lib_a-wctomb_r.o)
                0x00000000000097b8                _wctomb_r
 .text          0x0000000000009814      0x5c0 c:/altera_lite/15.1/nios2eds/bin/gnu/h-x86_64-mingw32/bin/../lib/gcc/nios2-elf/4.9.2/mhw-mulx\libgcc.a(_udivdi3.o)
                0x0000000000009814                __udivdi3
 .text          0x0000000000009dd4      0x590 c:/altera_lite/15.1/nios2eds/bin/gnu/h-x86_64-mingw32/bin/../lib/gcc/nios2-elf/4.9.2/mhw-mulx\libgcc.a(_umoddi3.o)
                0x0000000000009dd4                __umoddi3
 .text          0x000000000000a364      0x12c c:/altera_lite/15.1/nios2eds/bin/gnu/h-x86_64-mingw32/bin/../lib/gcc/nios2-elf/4.9.2/mhw-mulx\libgcc.a(lib2-divmod.o)
                0x000000000000a3d0                __divsi3
                0x000000000000a424                __modsi3
                0x000000000000a480                __udivsi3
                0x000000000000a488                __umodsi3
 .text          0x000000000000a490      0x89c c:/altera_lite/15.1/nios2eds/bin/gnu/h-x86_64-mingw32/bin/../lib/gcc/nios2-elf/4.9.2/mhw-mulx\libgcc.a(adddf3.o)
                0x000000000000a490                __adddf3
 .text          0x000000000000ad2c      0x8cc c:/altera_lite/15.1/nios2eds/bin/gnu/h-x86_64-mingw32/bin/../lib/gcc/nios2-elf/4.9.2/mhw-mulx\libgcc.a(divdf3.o)
                0x000000000000ad2c                __divdf3
 .text          0x000000000000b5f8       0x84 c:/altera_lite/15.1/nios2eds/bin/gnu/h-x86_64-mingw32/bin/../lib/gcc/nios2-elf/4.9.2/mhw-mulx\libgcc.a(eqdf2.o)
                0x000000000000b5f8                __nedf2
                0x000000000000b5f8                __eqdf2
 .text          0x000000000000b67c       0xe0 c:/altera_lite/15.1/nios2eds/bin/gnu/h-x86_64-mingw32/bin/../lib/gcc/nios2-elf/4.9.2/mhw-mulx\libgcc.a(gedf2.o)
                0x000000000000b67c                __gedf2
                0x000000000000b67c                __gtdf2
 .text          0x000000000000b75c       0xe0 c:/altera_lite/15.1/nios2eds/bin/gnu/h-x86_64-mingw32/bin/../lib/gcc/nios2-elf/4.9.2/mhw-mulx\libgcc.a(ledf2.o)
                0x000000000000b75c                __ledf2
                0x000000000000b75c                __ltdf2
 .text          0x000000000000b83c      0x724 c:/altera_lite/15.1/nios2eds/bin/gnu/h-x86_64-mingw32/bin/../lib/gcc/nios2-elf/4.9.2/mhw-mulx\libgcc.a(muldf3.o)
                0x000000000000b83c                __muldf3
 .text          0x000000000000bf60      0x8d0 c:/altera_lite/15.1/nios2eds/bin/gnu/h-x86_64-mingw32/bin/../lib/gcc/nios2-elf/4.9.2/mhw-mulx\libgcc.a(subdf3.o)
                0x000000000000bf60                __subdf3
 .text          0x000000000000c830       0x88 c:/altera_lite/15.1/nios2eds/bin/gnu/h-x86_64-mingw32/bin/../lib/gcc/nios2-elf/4.9.2/mhw-mulx\libgcc.a(fixdfsi.o)
                0x000000000000c830                __fixdfsi
 .text          0x000000000000c8b8       0xd0 c:/altera_lite/15.1/nios2eds/bin/gnu/h-x86_64-mingw32/bin/../lib/gcc/nios2-elf/4.9.2/mhw-mulx\libgcc.a(floatsidf.o)
                0x000000000000c8b8                __floatsidf
 .text          0x000000000000c988       0xa4 c:/altera_lite/15.1/nios2eds/bin/gnu/h-x86_64-mingw32/bin/../lib/gcc/nios2-elf/4.9.2/mhw-mulx\libgcc.a(floatunsidf.o)
                0x000000000000c988                __floatunsidf
 .text          0x000000000000ca2c        0x0 c:/altera_lite/15.1/nios2eds/bin/gnu/h-x86_64-mingw32/bin/../lib/gcc/nios2-elf/4.9.2/mhw-mulx\libgcc.a(_clz.o)
 .text          0x000000000000ca2c       0x64 c:/altera_lite/15.1/nios2eds/bin/gnu/h-x86_64-mingw32/bin/../lib/gcc/nios2-elf/4.9.2/mhw-mulx\libgcc.a(_clzsi2.o)
                0x000000000000ca2c                __clzsi2
 .text          0x000000000000ca90      0x120 ../cpu_1_bsp/\libhal_bsp.a(alt_close.o)
                0x000000000000cae0                close
 .text          0x000000000000cbb0       0x2c ../cpu_1_bsp/\libhal_bsp.a(alt_dev.o)
 .text          0x000000000000cbdc        0x0 ../cpu_1_bsp/\libhal_bsp.a(alt_errno.o)
 .text          0x000000000000cbdc      0x100 ../cpu_1_bsp/\libhal_bsp.a(alt_fstat.o)
                0x000000000000cc2c                fstat
 .text          0x000000000000ccdc       0xf4 ../cpu_1_bsp/\libhal_bsp.a(alt_isatty.o)
                0x000000000000cd2c                isatty
 .text          0x000000000000cdd0       0xe4 ../cpu_1_bsp/\libhal_bsp.a(alt_load.o)
                0x000000000000ce34                alt_load
 .text          0x000000000000ceb4      0x124 ../cpu_1_bsp/\libhal_bsp.a(alt_lseek.o)
                0x000000000000cf04                lseek
 .text          0x000000000000cfd8       0x78 ../cpu_1_bsp/\libhal_bsp.a(alt_main.o)
                0x000000000000cfd8                alt_main
 .text          0x000000000000d050       0x40 ../cpu_1_bsp/\libhal_bsp.a(alt_malloc_lock.o)
                0x000000000000d050                __malloc_lock
                0x000000000000d070                __malloc_unlock
 .text          0x000000000000d090      0x14c ../cpu_1_bsp/\libhal_bsp.a(alt_read.o)
                0x000000000000d0e0                read
 .text          0x000000000000d1dc       0x60 ../cpu_1_bsp/\libhal_bsp.a(alt_release_fd.o)
                0x000000000000d1dc                alt_release_fd
 .text          0x000000000000d23c       0xb0 ../cpu_1_bsp/\libhal_bsp.a(alt_sbrk.o)
                0x000000000000d23c                sbrk
 .text          0x000000000000d2ec      0x148 ../cpu_1_bsp/\libhal_bsp.a(alt_write.o)
                0x000000000000d33c                write
 .text          0x000000000000d434      0x1a4 ../cpu_1_bsp/\libhal_bsp.a(alt_sys_init.o)
                0x000000000000d528                alt_irq_init
                0x000000000000d55c                alt_sys_init
 .text          0x000000000000d5d8      0x164 ../cpu_1_bsp/\libhal_bsp.a(altera_avalon_jtag_uart_fd.o)
                0x000000000000d5d8                altera_avalon_jtag_uart_read_fd
                0x000000000000d638                altera_avalon_jtag_uart_write_fd
                0x000000000000d698                altera_avalon_jtag_uart_close_fd
                0x000000000000d6e8                altera_avalon_jtag_uart_ioctl_fd
 .text          0x000000000000d73c      0x3d8 ../cpu_1_bsp/\libhal_bsp.a(altera_avalon_jtag_uart_init.o)
                0x000000000000d73c                altera_avalon_jtag_uart_init
                0x000000000000daac                altera_avalon_jtag_uart_close
 .text          0x000000000000db14       0xec ../cpu_1_bsp/\libhal_bsp.a(altera_avalon_jtag_uart_ioctl.o)
                0x000000000000db14                altera_avalon_jtag_uart_ioctl
 .text          0x000000000000dc00      0x20c ../cpu_1_bsp/\libhal_bsp.a(altera_avalon_jtag_uart_read.o)
                0x000000000000dc00                altera_avalon_jtag_uart_read
 .text          0x000000000000de0c      0x218 ../cpu_1_bsp/\libhal_bsp.a(altera_avalon_jtag_uart_write.o)
                0x000000000000de0c                altera_avalon_jtag_uart_write
 .text          0x000000000000e024      0x2d8 ../cpu_1_bsp/\libhal_bsp.a(altera_avalon_mutex.o)
                0x000000000000e0f0                altera_avalon_mutex_open
                0x000000000000e144                altera_avalon_mutex_close
                0x000000000000e168                altera_avalon_mutex_lock
                0x000000000000e1a8                altera_avalon_mutex_trylock
                0x000000000000e1e8                altera_avalon_mutex_unlock
                0x000000000000e238                altera_avalon_mutex_is_mine
                0x000000000000e2ac                altera_avalon_mutex_first_lock
 .text          0x000000000000e2fc       0xfc ../cpu_1_bsp/\libhal_bsp.a(altera_avalon_timer_sc.o)
                0x000000000000e370                alt_avalon_timer_sc_init
 .text          0x000000000000e3f8      0x280 ../cpu_1_bsp/\libhal_bsp.a(perf_print_formatted_report.o)
                0x000000000000e3f8                perf_print_formatted_report
 .text          0x000000000000e678      0x140 ../cpu_1_bsp/\libhal_bsp.a(alt_alarm_start.o)
                0x000000000000e678                alt_alarm_start
 .text          0x000000000000e7b8       0x44 ../cpu_1_bsp/\libhal_bsp.a(alt_dcache_flush_all.o)
                0x000000000000e7b8                alt_dcache_flush_all
 .text          0x000000000000e7fc       0xf4 ../cpu_1_bsp/\libhal_bsp.a(alt_dev_llist_insert.o)
                0x000000000000e84c                alt_dev_llist_insert
 .text          0x000000000000e8f0       0x5c ../cpu_1_bsp/\libhal_bsp.a(alt_do_ctors.o)
                0x000000000000e8f0                _do_ctors
 .text          0x000000000000e94c       0x5c ../cpu_1_bsp/\libhal_bsp.a(alt_do_dtors.o)
                0x000000000000e94c                _do_dtors
 .text          0x000000000000e9a8       0x90 ../cpu_1_bsp/\libhal_bsp.a(alt_find_dev.o)
                0x000000000000e9a8                alt_find_dev
 .text          0x000000000000ea38       0x30 ../cpu_1_bsp/\libhal_bsp.a(alt_icache_flush_all.o)
                0x000000000000ea38                alt_icache_flush_all
 .text          0x000000000000ea68      0x1e0 ../cpu_1_bsp/\libhal_bsp.a(alt_iic.o)
                0x000000000000ea68                alt_ic_isr_register
                0x000000000000eab8                alt_ic_irq_enable
                0x000000000000eb58                alt_ic_irq_disable
                0x000000000000ebfc                alt_ic_irq_enabled
 .text          0x000000000000ec48       0xf0 ../cpu_1_bsp/\libhal_bsp.a(alt_iic_isr_register.o)
                0x000000000000ec48                alt_iic_isr_register
 .text          0x000000000000ed38      0x138 ../cpu_1_bsp/\libhal_bsp.a(alt_io_redirect.o)
                0x000000000000edf8                alt_io_redirect
 .text          0x000000000000ee70        0x0 ../cpu_1_bsp/\libhal_bsp.a(alt_irq_entry.o)
 .text          0x000000000000ee70        0x0 ../cpu_1_bsp/\libhal_bsp.a(alt_irq_handler.o)
 .text          0x000000000000ee70        0x0 ../cpu_1_bsp/\libhal_bsp.a(alt_irq_vars.o)
 .text          0x000000000000ee70      0x274 ../cpu_1_bsp/\libhal_bsp.a(alt_open.o)
                0x000000000000ef8c                open
 .text          0x000000000000f0e4      0x19c ../cpu_1_bsp/\libhal_bsp.a(alt_tick.o)
                0x000000000000f0e4                alt_alarm_stop
                0x000000000000f17c                alt_tick
 .text          0x000000000000f280       0x20 ../cpu_1_bsp/\libhal_bsp.a(altera_nios2_gen2_irq.o)
                0x000000000000f280                altera_nios2_gen2_irq_init
 .text          0x000000000000f2a0      0x18c ../cpu_1_bsp/\libhal_bsp.a(altera_avalon_performance_counter.o)
                0x000000000000f2a0                perf_get_section_time
                0x000000000000f35c                perf_get_total_time
                0x000000000000f3a8                perf_get_num_starts
                0x000000000000f3e8                alt_get_performance_counter_base
                0x000000000000f408                alt_get_cpu_freq
 .text          0x000000000000f42c        0x0 ../cpu_1_bsp/\libhal_bsp.a(alt_exception_entry.o)
 .text          0x000000000000f42c      0x114 ../cpu_1_bsp/\libhal_bsp.a(alt_find_file.o)
                0x000000000000f42c                alt_find_file
 .text          0x000000000000f540       0xb4 ../cpu_1_bsp/\libhal_bsp.a(alt_get_fd.o)
                0x000000000000f540                alt_get_fd
 .text          0x000000000000f5f4       0x8c ../cpu_1_bsp/\libhal_bsp.a(alt_icache_flush.o)
                0x000000000000f5f4                alt_icache_flush
 .text          0x000000000000f680       0x9c ../cpu_1_bsp/\libhal_bsp.a(alt_instruction_exception_entry.o)
                0x000000000000f680                alt_exception_cause_generated_bad_addr
 .text          0x000000000000f71c        0x0 c:/altera_lite/15.1/nios2eds/bin/gnu/h-x86_64-mingw32/bin/../lib/gcc/nios2-elf/4.9.2/../../../../../H-x86_64-mingw32/nios2-elf/lib/mhw-mulx\libc.a(lib_a-atexit.o)
 .text.atexit   0x000000000000f71c       0x14 c:/altera_lite/15.1/nios2eds/bin/gnu/h-x86_64-mingw32/bin/../lib/gcc/nios2-elf/4.9.2/../../../../../H-x86_64-mingw32/nios2-elf/lib/mhw-mulx\libc.a(lib_a-atexit.o)
                0x000000000000f71c                atexit
 .text          0x000000000000f730        0x0 c:/altera_lite/15.1/nios2eds/bin/gnu/h-x86_64-mingw32/bin/../lib/gcc/nios2-elf/4.9.2/../../../../../H-x86_64-mingw32/nios2-elf/lib/mhw-mulx\libc.a(lib_a-exit.o)
 .text.exit     0x000000000000f730       0x38 c:/altera_lite/15.1/nios2eds/bin/gnu/h-x86_64-mingw32/bin/../lib/gcc/nios2-elf/4.9.2/../../../../../H-x86_64-mingw32/nios2-elf/lib/mhw-mulx\libc.a(lib_a-exit.o)
                0x000000000000f730                exit
 .text          0x000000000000f768        0x0 c:/altera_lite/15.1/nios2eds/bin/gnu/h-x86_64-mingw32/bin/../lib/gcc/nios2-elf/4.9.2/../../../../../H-x86_64-mingw32/nios2-elf/lib/mhw-mulx\libc.a(lib_a-memcmp.o)
 .text.memcmp   0x000000000000f768       0x7c c:/altera_lite/15.1/nios2eds/bin/gnu/h-x86_64-mingw32/bin/../lib/gcc/nios2-elf/4.9.2/../../../../../H-x86_64-mingw32/nios2-elf/lib/mhw-mulx\libc.a(lib_a-memcmp.o)
                0x000000000000f768                memcmp
 .text          0x000000000000f7e4        0x0 c:/altera_lite/15.1/nios2eds/bin/gnu/h-x86_64-mingw32/bin/../lib/gcc/nios2-elf/4.9.2/../../../../../H-x86_64-mingw32/nios2-elf/lib/mhw-mulx\libc.a(lib_a-__atexit.o)
 .text.__register_exitproc
                0x000000000000f7e4      0x114 c:/altera_lite/15.1/nios2eds/bin/gnu/h-x86_64-mingw32/bin/../lib/gcc/nios2-elf/4.9.2/../../../../../H-x86_64-mingw32/nios2-elf/lib/mhw-mulx\libc.a(lib_a-__atexit.o)
                0x000000000000f7e4                __register_exitproc
 .text          0x000000000000f8f8        0x0 c:/altera_lite/15.1/nios2eds/bin/gnu/h-x86_64-mingw32/bin/../lib/gcc/nios2-elf/4.9.2/../../../../../H-x86_64-mingw32/nios2-elf/lib/mhw-mulx\libc.a(lib_a-__call_atexit.o)
 .text.__call_exitprocs
                0x000000000000f8f8      0x194 c:/altera_lite/15.1/nios2eds/bin/gnu/h-x86_64-mingw32/bin/../lib/gcc/nios2-elf/4.9.2/../../../../../H-x86_64-mingw32/nios2-elf/lib/mhw-mulx\libc.a(lib_a-__call_atexit.o)
                0x000000000000f8f8                __call_exitprocs
 .text          0x000000000000fa8c       0x70 c:/altera_lite/15.1/nios2eds/bin/gnu/h-x86_64-mingw32/bin/../lib/gcc/nios2-elf/4.9.2/mhw-mulx\libgcc.a(_floatundidf.o)
                0x000000000000fa8c                __floatundidf
 .text          0x000000000000fafc       0x34 ../cpu_1_bsp/\libhal_bsp.a(alt_exit.o)
                0x000000000000fafc                _exit
 *(.gnu.warning.*)
 *(.fini)
                0x000000000000fb30                PROVIDE (__etext, ABSOLUTE (.))
                0x000000000000fb30                PROVIDE (_etext, ABSOLUTE (.))
                0x000000000000fb30                PROVIDE (etext, ABSOLUTE (.))
 *(.eh_frame_hdr)
                0x000000000000fb30                . = ALIGN (0x4)
                0x000000000000fb30                PROVIDE (__preinit_array_start, ABSOLUTE (.))
 *(.preinit_array)
                0x000000000000fb30                PROVIDE (__preinit_array_end, ABSOLUTE (.))
                0x000000000000fb30                PROVIDE (__init_array_start, ABSOLUTE (.))
 *(.init_array)
                0x000000000000fb30                PROVIDE (__init_array_end, ABSOLUTE (.))
                0x000000000000fb30                PROVIDE (__fini_array_start, ABSOLUTE (.))
 *(.fini_array)
                0x000000000000fb30                PROVIDE (__fini_array_end, ABSOLUTE (.))
 *(.eh_frame)
 *(.gcc_except_table .gcc_except_table.*)
 *(.dynamic)
                0x000000000000fb30                PROVIDE (__CTOR_LIST__, ABSOLUTE (.))
 *(.ctors)
 *(SORT(.ctors.*))
                0x000000000000fb30                PROVIDE (__CTOR_END__, ABSOLUTE (.))
                0x000000000000fb30                PROVIDE (__DTOR_LIST__, ABSOLUTE (.))
 *(.dtors)
 *(SORT(.dtors.*))
                0x000000000000fb30                PROVIDE (__DTOR_END__, ABSOLUTE (.))
 *(.jcr)
                0x000000000000fb30                . = ALIGN (0x4)

.rodata         0x000000000000fb30      0x748
                0x000000000000fb30                PROVIDE (__ram_rodata_start, ABSOLUTE (.))
                0x000000000000fb30                . = ALIGN (0x4)
 *(.rodata .rodata.* .gnu.linkonce.r.*)
 .rodata        0x000000000000fb30      0x344 obj/default/cpu_1.o
 .rodata.str1.4
                0x000000000000fe74        0x2 c:/altera_lite/15.1/nios2eds/bin/gnu/h-x86_64-mingw32/bin/../lib/gcc/nios2-elf/4.9.2/../../../../../H-x86_64-mingw32/nios2-elf/lib/mhw-mulx\libc.a(lib_a-puts.o)
                                          0x4 (size before relaxing)
 *fill*         0x000000000000fe76        0x2 
 .rodata.str1.4
                0x000000000000fe78       0x42 c:/altera_lite/15.1/nios2eds/bin/gnu/h-x86_64-mingw32/bin/../lib/gcc/nios2-elf/4.9.2/../../../../../H-x86_64-mingw32/nios2-elf/lib/mhw-mulx\libc.a(lib_a-vfprintf.o)
                                         0x44 (size before relaxing)
 .rodata.zeroes.4255
                0x000000000000feba       0x10 c:/altera_lite/15.1/nios2eds/bin/gnu/h-x86_64-mingw32/bin/../lib/gcc/nios2-elf/4.9.2/../../../../../H-x86_64-mingw32/nios2-elf/lib/mhw-mulx\libc.a(lib_a-vfprintf.o)
 .rodata.blanks.4254
                0x000000000000feca       0x10 c:/altera_lite/15.1/nios2eds/bin/gnu/h-x86_64-mingw32/bin/../lib/gcc/nios2-elf/4.9.2/../../../../../H-x86_64-mingw32/nios2-elf/lib/mhw-mulx\libc.a(lib_a-vfprintf.o)
 *fill*         0x000000000000feda        0x2 
 .rodata.str1.4
                0x000000000000fedc       0x10 c:/altera_lite/15.1/nios2eds/bin/gnu/h-x86_64-mingw32/bin/../lib/gcc/nios2-elf/4.9.2/../../../../../H-x86_64-mingw32/nios2-elf/lib/mhw-mulx\libc.a(lib_a-dtoa.o)
                                         0x14 (size before relaxing)
 .rodata.str1.4
                0x000000000000feec        0x2 c:/altera_lite/15.1/nios2eds/bin/gnu/h-x86_64-mingw32/bin/../lib/gcc/nios2-elf/4.9.2/../../../../../H-x86_64-mingw32/nios2-elf/lib/mhw-mulx\libc.a(lib_a-impure.o)
                                          0x4 (size before relaxing)
 *fill*         0x000000000000feee        0x2 
 .rodata.str1.4
                0x000000000000fef0        0xc c:/altera_lite/15.1/nios2eds/bin/gnu/h-x86_64-mingw32/bin/../lib/gcc/nios2-elf/4.9.2/../../../../../H-x86_64-mingw32/nios2-elf/lib/mhw-mulx\libc.a(lib_a-locale.o)
                                         0x14 (size before relaxing)
 .rodata.p05.2710
                0x000000000000fefc        0xc c:/altera_lite/15.1/nios2eds/bin/gnu/h-x86_64-mingw32/bin/../lib/gcc/nios2-elf/4.9.2/../../../../../H-x86_64-mingw32/nios2-elf/lib/mhw-mulx\libc.a(lib_a-mprec.o)
 .rodata.__mprec_tinytens
                0x000000000000ff08       0x28 c:/altera_lite/15.1/nios2eds/bin/gnu/h-x86_64-mingw32/bin/../lib/gcc/nios2-elf/4.9.2/../../../../../H-x86_64-mingw32/nios2-elf/lib/mhw-mulx\libc.a(lib_a-mprec.o)
                0x000000000000ff08                __mprec_tinytens
 .rodata.__mprec_bigtens
                0x000000000000ff30       0x28 c:/altera_lite/15.1/nios2eds/bin/gnu/h-x86_64-mingw32/bin/../lib/gcc/nios2-elf/4.9.2/../../../../../H-x86_64-mingw32/nios2-elf/lib/mhw-mulx\libc.a(lib_a-mprec.o)
                0x000000000000ff30                __mprec_bigtens
 .rodata.__mprec_tens
                0x000000000000ff58       0xc8 c:/altera_lite/15.1/nios2eds/bin/gnu/h-x86_64-mingw32/bin/../lib/gcc/nios2-elf/4.9.2/../../../../../H-x86_64-mingw32/nios2-elf/lib/mhw-mulx\libc.a(lib_a-mprec.o)
                0x000000000000ff58                __mprec_tens
 .rodata.str1.4
                0x0000000000000000       0x30 c:/altera_lite/15.1/nios2eds/bin/gnu/h-x86_64-mingw32/bin/../lib/gcc/nios2-elf/4.9.2/../../../../../H-x86_64-mingw32/nios2-elf/lib/mhw-mulx\libc.a(lib_a-vfiprintf.o)
 .rodata.zeroes.4200
                0x0000000000010020       0x10 c:/altera_lite/15.1/nios2eds/bin/gnu/h-x86_64-mingw32/bin/../lib/gcc/nios2-elf/4.9.2/../../../../../H-x86_64-mingw32/nios2-elf/lib/mhw-mulx\libc.a(lib_a-vfiprintf.o)
 .rodata.blanks.4199
                0x0000000000010030       0x10 c:/altera_lite/15.1/nios2eds/bin/gnu/h-x86_64-mingw32/bin/../lib/gcc/nios2-elf/4.9.2/../../../../../H-x86_64-mingw32/nios2-elf/lib/mhw-mulx\libc.a(lib_a-vfiprintf.o)
 .rodata        0x0000000000010040      0x100 c:/altera_lite/15.1/nios2eds/bin/gnu/h-x86_64-mingw32/bin/../lib/gcc/nios2-elf/4.9.2/mhw-mulx\libgcc.a(_clz.o)
                0x0000000000010040                __clz_tab
 .rodata        0x0000000000010140        0xc ../cpu_1_bsp/\libhal_bsp.a(alt_dev.o)
 .rodata        0x000000000001014c       0x10 ../cpu_1_bsp/\libhal_bsp.a(alt_main.o)
 .rodata        0x000000000001015c       0x1c ../cpu_1_bsp/\libhal_bsp.a(alt_sys_init.o)
 .rodata        0x0000000000010178      0x100 ../cpu_1_bsp/\libhal_bsp.a(perf_print_formatted_report.o)
 *(.rodata1)
                0x0000000000010278                . = ALIGN (0x4)
                0x0000000000010278                PROVIDE (__ram_rodata_end, ABSOLUTE (.))
                0x000000000000fb30                PROVIDE (__flash_rodata_start, LOADADDR (.rodata))

.rwdata         0x0000000000010278     0x1b04 load address 0x0000000000011d7c
                0x0000000000010278                PROVIDE (__ram_rwdata_start, ABSOLUTE (.))
                0x0000000000010278                . = ALIGN (0x4)
 *(.got.plt)
 *(.got)
 *(.data1)
 *(.data .data.* .gnu.linkonce.d.*)
 .data          0x0000000000010278        0x0 ../cpu_1_bsp//obj/HAL/src/crt0.o
 .data          0x0000000000010278        0x0 obj/default/cpu_1.o
 .data          0x0000000000010278        0x0 c:/altera_lite/15.1/nios2eds/bin/gnu/h-x86_64-mingw32/bin/../lib/gcc/nios2-elf/4.9.2/../../../../../H-x86_64-mingw32/nios2-elf/lib/mhw-mulx\libc.a(lib_a-memcpy.o)
 .data          0x0000000000010278        0x0 c:/altera_lite/15.1/nios2eds/bin/gnu/h-x86_64-mingw32/bin/../lib/gcc/nios2-elf/4.9.2/../../../../../H-x86_64-mingw32/nios2-elf/lib/mhw-mulx\libc.a(lib_a-memset.o)
 .data          0x0000000000010278        0x0 c:/altera_lite/15.1/nios2eds/bin/gnu/h-x86_64-mingw32/bin/../lib/gcc/nios2-elf/4.9.2/../../../../../H-x86_64-mingw32/nios2-elf/lib/mhw-mulx\libc.a(lib_a-printf.o)
 .data          0x0000000000010278        0x0 c:/altera_lite/15.1/nios2eds/bin/gnu/h-x86_64-mingw32/bin/../lib/gcc/nios2-elf/4.9.2/../../../../../H-x86_64-mingw32/nios2-elf/lib/mhw-mulx\libc.a(lib_a-putchar.o)
 .data          0x0000000000010278        0x0 c:/altera_lite/15.1/nios2eds/bin/gnu/h-x86_64-mingw32/bin/../lib/gcc/nios2-elf/4.9.2/../../../../../H-x86_64-mingw32/nios2-elf/lib/mhw-mulx\libc.a(lib_a-puts.o)
 .data          0x0000000000010278        0x0 c:/altera_lite/15.1/nios2eds/bin/gnu/h-x86_64-mingw32/bin/../lib/gcc/nios2-elf/4.9.2/../../../../../H-x86_64-mingw32/nios2-elf/lib/mhw-mulx\libc.a(lib_a-strlen.o)
 .data          0x0000000000010278        0x0 c:/altera_lite/15.1/nios2eds/bin/gnu/h-x86_64-mingw32/bin/../lib/gcc/nios2-elf/4.9.2/../../../../../H-x86_64-mingw32/nios2-elf/lib/mhw-mulx\libc.a(lib_a-vfprintf.o)
 .data          0x0000000000010278        0x0 c:/altera_lite/15.1/nios2eds/bin/gnu/h-x86_64-mingw32/bin/../lib/gcc/nios2-elf/4.9.2/../../../../../H-x86_64-mingw32/nios2-elf/lib/mhw-mulx\libc.a(lib_a-wsetup.o)
 .data          0x0000000000010278        0x0 c:/altera_lite/15.1/nios2eds/bin/gnu/h-x86_64-mingw32/bin/../lib/gcc/nios2-elf/4.9.2/../../../../../H-x86_64-mingw32/nios2-elf/lib/mhw-mulx\libc.a(lib_a-dtoa.o)
 .data          0x0000000000010278        0x0 c:/altera_lite/15.1/nios2eds/bin/gnu/h-x86_64-mingw32/bin/../lib/gcc/nios2-elf/4.9.2/../../../../../H-x86_64-mingw32/nios2-elf/lib/mhw-mulx\libc.a(lib_a-fflush.o)
 .data          0x0000000000010278        0x0 c:/altera_lite/15.1/nios2eds/bin/gnu/h-x86_64-mingw32/bin/../lib/gcc/nios2-elf/4.9.2/../../../../../H-x86_64-mingw32/nios2-elf/lib/mhw-mulx\libc.a(lib_a-findfp.o)
 .data          0x0000000000010278        0x0 c:/altera_lite/15.1/nios2eds/bin/gnu/h-x86_64-mingw32/bin/../lib/gcc/nios2-elf/4.9.2/../../../../../H-x86_64-mingw32/nios2-elf/lib/mhw-mulx\libc.a(lib_a-freer.o)
 .data          0x0000000000010278        0x0 c:/altera_lite/15.1/nios2eds/bin/gnu/h-x86_64-mingw32/bin/../lib/gcc/nios2-elf/4.9.2/../../../../../H-x86_64-mingw32/nios2-elf/lib/mhw-mulx\libc.a(lib_a-fvwrite.o)
 .data          0x0000000000010278        0x0 c:/altera_lite/15.1/nios2eds/bin/gnu/h-x86_64-mingw32/bin/../lib/gcc/nios2-elf/4.9.2/../../../../../H-x86_64-mingw32/nios2-elf/lib/mhw-mulx\libc.a(lib_a-fwalk.o)
 .data          0x0000000000010278        0x0 c:/altera_lite/15.1/nios2eds/bin/gnu/h-x86_64-mingw32/bin/../lib/gcc/nios2-elf/4.9.2/../../../../../H-x86_64-mingw32/nios2-elf/lib/mhw-mulx\libc.a(lib_a-impure.o)
 .data.impure_data
                0x0000000000010278      0x424 c:/altera_lite/15.1/nios2eds/bin/gnu/h-x86_64-mingw32/bin/../lib/gcc/nios2-elf/4.9.2/../../../../../H-x86_64-mingw32/nios2-elf/lib/mhw-mulx\libc.a(lib_a-impure.o)
 .data          0x000000000001069c        0x0 c:/altera_lite/15.1/nios2eds/bin/gnu/h-x86_64-mingw32/bin/../lib/gcc/nios2-elf/4.9.2/../../../../../H-x86_64-mingw32/nios2-elf/lib/mhw-mulx\libc.a(lib_a-locale.o)
 .data.lc_message_charset
                0x000000000001069c       0x20 c:/altera_lite/15.1/nios2eds/bin/gnu/h-x86_64-mingw32/bin/../lib/gcc/nios2-elf/4.9.2/../../../../../H-x86_64-mingw32/nios2-elf/lib/mhw-mulx\libc.a(lib_a-locale.o)
 .data.lc_ctype_charset
                0x00000000000106bc       0x20 c:/altera_lite/15.1/nios2eds/bin/gnu/h-x86_64-mingw32/bin/../lib/gcc/nios2-elf/4.9.2/../../../../../H-x86_64-mingw32/nios2-elf/lib/mhw-mulx\libc.a(lib_a-locale.o)
 .data.lconv    0x00000000000106dc       0x38 c:/altera_lite/15.1/nios2eds/bin/gnu/h-x86_64-mingw32/bin/../lib/gcc/nios2-elf/4.9.2/../../../../../H-x86_64-mingw32/nios2-elf/lib/mhw-mulx\libc.a(lib_a-locale.o)
 .data          0x0000000000010714        0x0 c:/altera_lite/15.1/nios2eds/bin/gnu/h-x86_64-mingw32/bin/../lib/gcc/nios2-elf/4.9.2/../../../../../H-x86_64-mingw32/nios2-elf/lib/mhw-mulx\libc.a(lib_a-makebuf.o)
 .data          0x0000000000010714        0x0 c:/altera_lite/15.1/nios2eds/bin/gnu/h-x86_64-mingw32/bin/../lib/gcc/nios2-elf/4.9.2/../../../../../H-x86_64-mingw32/nios2-elf/lib/mhw-mulx\libc.a(lib_a-mallocr.o)
 .data.__malloc_av_
                0x0000000000010714      0x408 c:/altera_lite/15.1/nios2eds/bin/gnu/h-x86_64-mingw32/bin/../lib/gcc/nios2-elf/4.9.2/../../../../../H-x86_64-mingw32/nios2-elf/lib/mhw-mulx\libc.a(lib_a-mallocr.o)
                0x0000000000010714                __malloc_av_
 .data          0x0000000000010b1c        0x0 c:/altera_lite/15.1/nios2eds/bin/gnu/h-x86_64-mingw32/bin/../lib/gcc/nios2-elf/4.9.2/../../../../../H-x86_64-mingw32/nios2-elf/lib/mhw-mulx\libc.a(lib_a-memchr.o)
 .data          0x0000000000010b1c        0x0 c:/altera_lite/15.1/nios2eds/bin/gnu/h-x86_64-mingw32/bin/../lib/gcc/nios2-elf/4.9.2/../../../../../H-x86_64-mingw32/nios2-elf/lib/mhw-mulx\libc.a(lib_a-memmove.o)
 .data          0x0000000000010b1c        0x0 c:/altera_lite/15.1/nios2eds/bin/gnu/h-x86_64-mingw32/bin/../lib/gcc/nios2-elf/4.9.2/../../../../../H-x86_64-mingw32/nios2-elf/lib/mhw-mulx\libc.a(lib_a-mprec.o)
 .data          0x0000000000010b1c        0x0 c:/altera_lite/15.1/nios2eds/bin/gnu/h-x86_64-mingw32/bin/../lib/gcc/nios2-elf/4.9.2/../../../../../H-x86_64-mingw32/nios2-elf/lib/mhw-mulx\libc.a(lib_a-putc.o)
 .data          0x0000000000010b1c        0x0 c:/altera_lite/15.1/nios2eds/bin/gnu/h-x86_64-mingw32/bin/../lib/gcc/nios2-elf/4.9.2/../../../../../H-x86_64-mingw32/nios2-elf/lib/mhw-mulx\libc.a(lib_a-reallocr.o)
 .data          0x0000000000010b1c        0x0 c:/altera_lite/15.1/nios2eds/bin/gnu/h-x86_64-mingw32/bin/../lib/gcc/nios2-elf/4.9.2/../../../../../H-x86_64-mingw32/nios2-elf/lib/mhw-mulx\libc.a(lib_a-s_fpclassify.o)
 .data          0x0000000000010b1c        0x0 c:/altera_lite/15.1/nios2eds/bin/gnu/h-x86_64-mingw32/bin/../lib/gcc/nios2-elf/4.9.2/../../../../../H-x86_64-mingw32/nios2-elf/lib/mhw-mulx\libc.a(lib_a-sbrkr.o)
 .data          0x0000000000010b1c        0x0 c:/altera_lite/15.1/nios2eds/bin/gnu/h-x86_64-mingw32/bin/../lib/gcc/nios2-elf/4.9.2/../../../../../H-x86_64-mingw32/nios2-elf/lib/mhw-mulx\libc.a(lib_a-stdio.o)
 .data          0x0000000000010b1c        0x0 c:/altera_lite/15.1/nios2eds/bin/gnu/h-x86_64-mingw32/bin/../lib/gcc/nios2-elf/4.9.2/../../../../../H-x86_64-mingw32/nios2-elf/lib/mhw-mulx\libc.a(lib_a-strcmp.o)
 .data          0x0000000000010b1c        0x0 c:/altera_lite/15.1/nios2eds/bin/gnu/h-x86_64-mingw32/bin/../lib/gcc/nios2-elf/4.9.2/../../../../../H-x86_64-mingw32/nios2-elf/lib/mhw-mulx\libc.a(lib_a-vfiprintf.o)
 .data          0x0000000000010b1c        0x0 c:/altera_lite/15.1/nios2eds/bin/gnu/h-x86_64-mingw32/bin/../lib/gcc/nios2-elf/4.9.2/../../../../../H-x86_64-mingw32/nios2-elf/lib/mhw-mulx\libc.a(lib_a-wbuf.o)
 .data          0x0000000000010b1c        0x0 c:/altera_lite/15.1/nios2eds/bin/gnu/h-x86_64-mingw32/bin/../lib/gcc/nios2-elf/4.9.2/../../../../../H-x86_64-mingw32/nios2-elf/lib/mhw-mulx\libc.a(lib_a-writer.o)
 .data          0x0000000000010b1c        0x0 c:/altera_lite/15.1/nios2eds/bin/gnu/h-x86_64-mingw32/bin/../lib/gcc/nios2-elf/4.9.2/../../../../../H-x86_64-mingw32/nios2-elf/lib/mhw-mulx\libc.a(closer.o)
 .data          0x0000000000010b1c        0x0 c:/altera_lite/15.1/nios2eds/bin/gnu/h-x86_64-mingw32/bin/../lib/gcc/nios2-elf/4.9.2/../../../../../H-x86_64-mingw32/nios2-elf/lib/mhw-mulx\libc.a(lib_a-callocr.o)
 .data          0x0000000000010b1c        0x0 c:/altera_lite/15.1/nios2eds/bin/gnu/h-x86_64-mingw32/bin/../lib/gcc/nios2-elf/4.9.2/../../../../../H-x86_64-mingw32/nios2-elf/lib/mhw-mulx\libc.a(lib_a-fclose.o)
 .data          0x0000000000010b1c        0x0 c:/altera_lite/15.1/nios2eds/bin/gnu/h-x86_64-mingw32/bin/../lib/gcc/nios2-elf/4.9.2/../../../../../H-x86_64-mingw32/nios2-elf/lib/mhw-mulx\libc.a(lib_a-fputwc.o)
 .data          0x0000000000010b1c        0x0 c:/altera_lite/15.1/nios2eds/bin/gnu/h-x86_64-mingw32/bin/../lib/gcc/nios2-elf/4.9.2/../../../../../H-x86_64-mingw32/nios2-elf/lib/mhw-mulx\libc.a(lib_a-fstatr.o)
 .data          0x0000000000010b1c        0x0 c:/altera_lite/15.1/nios2eds/bin/gnu/h-x86_64-mingw32/bin/../lib/gcc/nios2-elf/4.9.2/../../../../../H-x86_64-mingw32/nios2-elf/lib/mhw-mulx\libc.a(lib_a-int_errno.o)
 .data          0x0000000000010b1c        0x0 c:/altera_lite/15.1/nios2eds/bin/gnu/h-x86_64-mingw32/bin/../lib/gcc/nios2-elf/4.9.2/../../../../../H-x86_64-mingw32/nios2-elf/lib/mhw-mulx\libc.a(lib_a-isattyr.o)
 .data          0x0000000000010b1c        0x0 c:/altera_lite/15.1/nios2eds/bin/gnu/h-x86_64-mingw32/bin/../lib/gcc/nios2-elf/4.9.2/../../../../../H-x86_64-mingw32/nios2-elf/lib/mhw-mulx\libc.a(lib_a-lseekr.o)
 .data          0x0000000000010b1c        0x0 c:/altera_lite/15.1/nios2eds/bin/gnu/h-x86_64-mingw32/bin/../lib/gcc/nios2-elf/4.9.2/../../../../../H-x86_64-mingw32/nios2-elf/lib/mhw-mulx\libc.a(lib_a-readr.o)
 .data          0x0000000000010b1c        0x0 c:/altera_lite/15.1/nios2eds/bin/gnu/h-x86_64-mingw32/bin/../lib/gcc/nios2-elf/4.9.2/../../../../../H-x86_64-mingw32/nios2-elf/lib/mhw-mulx\libc.a(lib_a-wcrtomb.o)
 .data          0x0000000000010b1c        0x0 c:/altera_lite/15.1/nios2eds/bin/gnu/h-x86_64-mingw32/bin/../lib/gcc/nios2-elf/4.9.2/../../../../../H-x86_64-mingw32/nios2-elf/lib/mhw-mulx\libc.a(lib_a-wctomb_r.o)
 .data          0x0000000000010b1c        0x0 c:/altera_lite/15.1/nios2eds/bin/gnu/h-x86_64-mingw32/bin/../lib/gcc/nios2-elf/4.9.2/mhw-mulx\libgcc.a(_udivdi3.o)
 .data          0x0000000000010b1c        0x0 c:/altera_lite/15.1/nios2eds/bin/gnu/h-x86_64-mingw32/bin/../lib/gcc/nios2-elf/4.9.2/mhw-mulx\libgcc.a(_umoddi3.o)
 .data          0x0000000000010b1c        0x0 c:/altera_lite/15.1/nios2eds/bin/gnu/h-x86_64-mingw32/bin/../lib/gcc/nios2-elf/4.9.2/mhw-mulx\libgcc.a(lib2-divmod.o)
 .data          0x0000000000010b1c        0x0 c:/altera_lite/15.1/nios2eds/bin/gnu/h-x86_64-mingw32/bin/../lib/gcc/nios2-elf/4.9.2/mhw-mulx\libgcc.a(adddf3.o)
 .data          0x0000000000010b1c        0x0 c:/altera_lite/15.1/nios2eds/bin/gnu/h-x86_64-mingw32/bin/../lib/gcc/nios2-elf/4.9.2/mhw-mulx\libgcc.a(divdf3.o)
 .data          0x0000000000010b1c        0x0 c:/altera_lite/15.1/nios2eds/bin/gnu/h-x86_64-mingw32/bin/../lib/gcc/nios2-elf/4.9.2/mhw-mulx\libgcc.a(eqdf2.o)
 .data          0x0000000000010b1c        0x0 c:/altera_lite/15.1/nios2eds/bin/gnu/h-x86_64-mingw32/bin/../lib/gcc/nios2-elf/4.9.2/mhw-mulx\libgcc.a(gedf2.o)
 .data          0x0000000000010b1c        0x0 c:/altera_lite/15.1/nios2eds/bin/gnu/h-x86_64-mingw32/bin/../lib/gcc/nios2-elf/4.9.2/mhw-mulx\libgcc.a(ledf2.o)
 .data          0x0000000000010b1c        0x0 c:/altera_lite/15.1/nios2eds/bin/gnu/h-x86_64-mingw32/bin/../lib/gcc/nios2-elf/4.9.2/mhw-mulx\libgcc.a(muldf3.o)
 .data          0x0000000000010b1c        0x0 c:/altera_lite/15.1/nios2eds/bin/gnu/h-x86_64-mingw32/bin/../lib/gcc/nios2-elf/4.9.2/mhw-mulx\libgcc.a(subdf3.o)
 .data          0x0000000000010b1c        0x0 c:/altera_lite/15.1/nios2eds/bin/gnu/h-x86_64-mingw32/bin/../lib/gcc/nios2-elf/4.9.2/mhw-mulx\libgcc.a(fixdfsi.o)
 .data          0x0000000000010b1c        0x0 c:/altera_lite/15.1/nios2eds/bin/gnu/h-x86_64-mingw32/bin/../lib/gcc/nios2-elf/4.9.2/mhw-mulx\libgcc.a(floatsidf.o)
 .data          0x0000000000010b1c        0x0 c:/altera_lite/15.1/nios2eds/bin/gnu/h-x86_64-mingw32/bin/../lib/gcc/nios2-elf/4.9.2/mhw-mulx\libgcc.a(floatunsidf.o)
 .data          0x0000000000010b1c        0x0 c:/altera_lite/15.1/nios2eds/bin/gnu/h-x86_64-mingw32/bin/../lib/gcc/nios2-elf/4.9.2/mhw-mulx\libgcc.a(_clz.o)
 .data          0x0000000000010b1c        0x0 c:/altera_lite/15.1/nios2eds/bin/gnu/h-x86_64-mingw32/bin/../lib/gcc/nios2-elf/4.9.2/mhw-mulx\libgcc.a(_clzsi2.o)
 .data          0x0000000000010b1c        0x0 ../cpu_1_bsp/\libhal_bsp.a(alt_close.o)
 .data          0x0000000000010b1c      0x1a8 ../cpu_1_bsp/\libhal_bsp.a(alt_dev.o)
                0x0000000000010b1c                alt_dev_null
                0x0000000000010b44                alt_fd_list
 .data          0x0000000000010cc4        0x0 ../cpu_1_bsp/\libhal_bsp.a(alt_errno.o)
 .data          0x0000000000010cc4        0x0 ../cpu_1_bsp/\libhal_bsp.a(alt_fstat.o)
 .data          0x0000000000010cc4        0x0 ../cpu_1_bsp/\libhal_bsp.a(alt_isatty.o)
 .data          0x0000000000010cc4        0x0 ../cpu_1_bsp/\libhal_bsp.a(alt_load.o)
 .data          0x0000000000010cc4        0x0 ../cpu_1_bsp/\libhal_bsp.a(alt_lseek.o)
 .data          0x0000000000010cc4        0x0 ../cpu_1_bsp/\libhal_bsp.a(alt_main.o)
 .data          0x0000000000010cc4        0x0 ../cpu_1_bsp/\libhal_bsp.a(alt_malloc_lock.o)
 .data          0x0000000000010cc4        0x0 ../cpu_1_bsp/\libhal_bsp.a(alt_read.o)
 .data          0x0000000000010cc4        0x0 ../cpu_1_bsp/\libhal_bsp.a(alt_release_fd.o)
 .data          0x0000000000010cc4        0x0 ../cpu_1_bsp/\libhal_bsp.a(alt_sbrk.o)
 .data          0x0000000000010cc4        0x0 ../cpu_1_bsp/\libhal_bsp.a(alt_write.o)
 .data          0x0000000000010cc4     0x1070 ../cpu_1_bsp/\libhal_bsp.a(alt_sys_init.o)
 .data          0x0000000000011d34        0x0 ../cpu_1_bsp/\libhal_bsp.a(altera_avalon_jtag_uart_fd.o)
 .data          0x0000000000011d34        0x0 ../cpu_1_bsp/\libhal_bsp.a(altera_avalon_jtag_uart_init.o)
 .data          0x0000000000011d34        0x0 ../cpu_1_bsp/\libhal_bsp.a(altera_avalon_jtag_uart_ioctl.o)
 .data          0x0000000000011d34        0x0 ../cpu_1_bsp/\libhal_bsp.a(altera_avalon_jtag_uart_read.o)
 .data          0x0000000000011d34        0x0 ../cpu_1_bsp/\libhal_bsp.a(altera_avalon_jtag_uart_write.o)
 .data          0x0000000000011d34        0x0 ../cpu_1_bsp/\libhal_bsp.a(altera_avalon_mutex.o)
 .data          0x0000000000011d34        0x0 ../cpu_1_bsp/\libhal_bsp.a(altera_avalon_timer_sc.o)
 .data          0x0000000000011d34        0x0 ../cpu_1_bsp/\libhal_bsp.a(perf_print_formatted_report.o)
 .data          0x0000000000011d34        0x0 ../cpu_1_bsp/\libhal_bsp.a(alt_alarm_start.o)
 .data          0x0000000000011d34        0x0 ../cpu_1_bsp/\libhal_bsp.a(alt_dcache_flush_all.o)
 .data          0x0000000000011d34        0x0 ../cpu_1_bsp/\libhal_bsp.a(alt_dev_llist_insert.o)
 .data          0x0000000000011d34        0x0 ../cpu_1_bsp/\libhal_bsp.a(alt_do_ctors.o)
 .data          0x0000000000011d34        0x0 ../cpu_1_bsp/\libhal_bsp.a(alt_do_dtors.o)
 .data          0x0000000000011d34        0x0 ../cpu_1_bsp/\libhal_bsp.a(alt_find_dev.o)
 .data          0x0000000000011d34        0x0 ../cpu_1_bsp/\libhal_bsp.a(alt_icache_flush_all.o)
 .data          0x0000000000011d34        0x0 ../cpu_1_bsp/\libhal_bsp.a(alt_iic.o)
 .data          0x0000000000011d34        0x0 ../cpu_1_bsp/\libhal_bsp.a(alt_iic_isr_register.o)
 .data          0x0000000000011d34        0x0 ../cpu_1_bsp/\libhal_bsp.a(alt_io_redirect.o)
 .data          0x0000000000011d34        0x0 ../cpu_1_bsp/\libhal_bsp.a(alt_irq_entry.o)
 .data          0x0000000000011d34        0x0 ../cpu_1_bsp/\libhal_bsp.a(alt_irq_handler.o)
 .data          0x0000000000011d34        0x0 ../cpu_1_bsp/\libhal_bsp.a(alt_irq_vars.o)
 .data          0x0000000000011d34        0x0 ../cpu_1_bsp/\libhal_bsp.a(alt_open.o)
 .data          0x0000000000011d34        0x0 ../cpu_1_bsp/\libhal_bsp.a(alt_tick.o)
 .data          0x0000000000011d34        0x0 ../cpu_1_bsp/\libhal_bsp.a(altera_nios2_gen2_irq.o)
 .data          0x0000000000011d34        0x0 ../cpu_1_bsp/\libhal_bsp.a(altera_avalon_performance_counter.o)
 .data          0x0000000000011d34        0x0 ../cpu_1_bsp/\libhal_bsp.a(alt_exception_entry.o)
 .data          0x0000000000011d34        0x0 ../cpu_1_bsp/\libhal_bsp.a(alt_find_file.o)
 .data          0x0000000000011d34        0x0 ../cpu_1_bsp/\libhal_bsp.a(alt_get_fd.o)
 .data          0x0000000000011d34        0x0 ../cpu_1_bsp/\libhal_bsp.a(alt_icache_flush.o)
 .data          0x0000000000011d34        0x0 ../cpu_1_bsp/\libhal_bsp.a(alt_instruction_exception_entry.o)
 .data          0x0000000000011d34        0x0 c:/altera_lite/15.1/nios2eds/bin/gnu/h-x86_64-mingw32/bin/../lib/gcc/nios2-elf/4.9.2/../../../../../H-x86_64-mingw32/nios2-elf/lib/mhw-mulx\libc.a(lib_a-atexit.o)
 .data          0x0000000000011d34        0x0 c:/altera_lite/15.1/nios2eds/bin/gnu/h-x86_64-mingw32/bin/../lib/gcc/nios2-elf/4.9.2/../../../../../H-x86_64-mingw32/nios2-elf/lib/mhw-mulx\libc.a(lib_a-exit.o)
 .data          0x0000000000011d34        0x0 c:/altera_lite/15.1/nios2eds/bin/gnu/h-x86_64-mingw32/bin/../lib/gcc/nios2-elf/4.9.2/../../../../../H-x86_64-mingw32/nios2-elf/lib/mhw-mulx\libc.a(lib_a-memcmp.o)
 .data          0x0000000000011d34        0x0 c:/altera_lite/15.1/nios2eds/bin/gnu/h-x86_64-mingw32/bin/../lib/gcc/nios2-elf/4.9.2/../../../../../H-x86_64-mingw32/nios2-elf/lib/mhw-mulx\libc.a(lib_a-__atexit.o)
 .data          0x0000000000011d34        0x0 c:/altera_lite/15.1/nios2eds/bin/gnu/h-x86_64-mingw32/bin/../lib/gcc/nios2-elf/4.9.2/../../../../../H-x86_64-mingw32/nios2-elf/lib/mhw-mulx\libc.a(lib_a-__call_atexit.o)
 .data          0x0000000000011d34        0x0 c:/altera_lite/15.1/nios2eds/bin/gnu/h-x86_64-mingw32/bin/../lib/gcc/nios2-elf/4.9.2/mhw-mulx\libgcc.a(_floatundidf.o)
 .data          0x0000000000011d34        0x0 ../cpu_1_bsp/\libhal_bsp.a(alt_exit.o)
                0x0000000000019d34                _gp = ABSOLUTE ((. + 0x8000))
                0x0000000000019d34                PROVIDE (gp, _gp)
 *(.rwdata .rwdata.*)
 *(.sdata .sdata.* .gnu.linkonce.s.*)
 .sdata._global_impure_ptr
                0x0000000000011d34        0x4 c:/altera_lite/15.1/nios2eds/bin/gnu/h-x86_64-mingw32/bin/../lib/gcc/nios2-elf/4.9.2/../../../../../H-x86_64-mingw32/nios2-elf/lib/mhw-mulx\libc.a(lib_a-impure.o)
                0x0000000000011d34                _global_impure_ptr
 .sdata._impure_ptr
                0x0000000000011d38        0x4 c:/altera_lite/15.1/nios2eds/bin/gnu/h-x86_64-mingw32/bin/../lib/gcc/nios2-elf/4.9.2/../../../../../H-x86_64-mingw32/nios2-elf/lib/mhw-mulx\libc.a(lib_a-impure.o)
                0x0000000000011d38                _impure_ptr
 .sdata.__mb_cur_max
                0x0000000000011d3c        0x4 c:/altera_lite/15.1/nios2eds/bin/gnu/h-x86_64-mingw32/bin/../lib/gcc/nios2-elf/4.9.2/../../../../../H-x86_64-mingw32/nios2-elf/lib/mhw-mulx\libc.a(lib_a-locale.o)
                0x0000000000011d3c                __mb_cur_max
 .sdata.__malloc_sbrk_base
                0x0000000000011d40        0x4 c:/altera_lite/15.1/nios2eds/bin/gnu/h-x86_64-mingw32/bin/../lib/gcc/nios2-elf/4.9.2/../../../../../H-x86_64-mingw32/nios2-elf/lib/mhw-mulx\libc.a(lib_a-mallocr.o)
                0x0000000000011d40                __malloc_sbrk_base
 .sdata.__malloc_trim_threshold
                0x0000000000011d44        0x4 c:/altera_lite/15.1/nios2eds/bin/gnu/h-x86_64-mingw32/bin/../lib/gcc/nios2-elf/4.9.2/../../../../../H-x86_64-mingw32/nios2-elf/lib/mhw-mulx\libc.a(lib_a-mallocr.o)
                0x0000000000011d44                __malloc_trim_threshold
 .sdata.__wctomb
                0x0000000000011d48        0x4 c:/altera_lite/15.1/nios2eds/bin/gnu/h-x86_64-mingw32/bin/../lib/gcc/nios2-elf/4.9.2/../../../../../H-x86_64-mingw32/nios2-elf/lib/mhw-mulx\libc.a(lib_a-wctomb_r.o)
                0x0000000000011d48                __wctomb
 .sdata         0x0000000000011d4c       0x14 ../cpu_1_bsp/\libhal_bsp.a(alt_dev.o)
                0x0000000000011d4c                alt_fs_list
                0x0000000000011d54                alt_dev_list
                0x0000000000011d5c                alt_max_fd
 .sdata         0x0000000000011d60        0x4 ../cpu_1_bsp/\libhal_bsp.a(alt_errno.o)
                0x0000000000011d60                alt_errno
 .sdata         0x0000000000011d64        0x4 ../cpu_1_bsp/\libhal_bsp.a(alt_sbrk.o)
 .sdata         0x0000000000011d68        0x8 ../cpu_1_bsp/\libhal_bsp.a(altera_avalon_mutex.o)
                0x0000000000011d68                alt_mutex_list
 .sdata         0x0000000000011d70        0x4 ../cpu_1_bsp/\libhal_bsp.a(alt_irq_vars.o)
                0x0000000000011d70                alt_priority_mask
 .sdata         0x0000000000011d74        0x8 ../cpu_1_bsp/\libhal_bsp.a(alt_tick.o)
                0x0000000000011d74                alt_alarm_list
 *(.sdata2 .sdata2.* .gnu.linkonce.s2.*)
                0x0000000000011d7c                . = ALIGN (0x4)
                0x0000000000011d7c                _edata = ABSOLUTE (.)
                0x0000000000011d7c                PROVIDE (edata, ABSOLUTE (.))
                0x0000000000011d7c                PROVIDE (__ram_rwdata_end, ABSOLUTE (.))
                0x0000000000011d7c                PROVIDE (__flash_rwdata_start, LOADADDR (.rwdata))

.bss            0x0000000000013880      0x160
                0x0000000000013880                __bss_start = ABSOLUTE (.)
                0x0000000000013880                PROVIDE (__sbss_start, ABSOLUTE (.))
                0x0000000000013880                PROVIDE (___sbss_start, ABSOLUTE (.))
 *(.dynsbss)
 *(.sbss .sbss.* .gnu.linkonce.sb.*)
 .sbss._PathLocale
                0x0000000000013880        0x4 c:/altera_lite/15.1/nios2eds/bin/gnu/h-x86_64-mingw32/bin/../lib/gcc/nios2-elf/4.9.2/../../../../../H-x86_64-mingw32/nios2-elf/lib/mhw-mulx\libc.a(lib_a-locale.o)
                0x0000000000013880                _PathLocale
 .sbss.__mlocale_changed
                0x0000000000013884        0x4 c:/altera_lite/15.1/nios2eds/bin/gnu/h-x86_64-mingw32/bin/../lib/gcc/nios2-elf/4.9.2/../../../../../H-x86_64-mingw32/nios2-elf/lib/mhw-mulx\libc.a(lib_a-locale.o)
                0x0000000000013884                __mlocale_changed
 .sbss.__nlocale_changed
                0x0000000000013888        0x4 c:/altera_lite/15.1/nios2eds/bin/gnu/h-x86_64-mingw32/bin/../lib/gcc/nios2-elf/4.9.2/../../../../../H-x86_64-mingw32/nios2-elf/lib/mhw-mulx\libc.a(lib_a-locale.o)
                0x0000000000013888                __nlocale_changed
 .sbss.__malloc_max_total_mem
                0x000000000001388c        0x4 c:/altera_lite/15.1/nios2eds/bin/gnu/h-x86_64-mingw32/bin/../lib/gcc/nios2-elf/4.9.2/../../../../../H-x86_64-mingw32/nios2-elf/lib/mhw-mulx\libc.a(lib_a-mallocr.o)
                0x000000000001388c                __malloc_max_total_mem
 .sbss.__malloc_max_sbrked_mem
                0x0000000000013890        0x4 c:/altera_lite/15.1/nios2eds/bin/gnu/h-x86_64-mingw32/bin/../lib/gcc/nios2-elf/4.9.2/../../../../../H-x86_64-mingw32/nios2-elf/lib/mhw-mulx\libc.a(lib_a-mallocr.o)
                0x0000000000013890                __malloc_max_sbrked_mem
 .sbss.__malloc_top_pad
                0x0000000000013894        0x4 c:/altera_lite/15.1/nios2eds/bin/gnu/h-x86_64-mingw32/bin/../lib/gcc/nios2-elf/4.9.2/../../../../../H-x86_64-mingw32/nios2-elf/lib/mhw-mulx\libc.a(lib_a-mallocr.o)
                0x0000000000013894                __malloc_top_pad
 .sbss          0x0000000000013898        0x4 c:/altera_lite/15.1/nios2eds/bin/gnu/h-x86_64-mingw32/bin/../lib/gcc/nios2-elf/4.9.2/../../../../../H-x86_64-mingw32/nios2-elf/lib/mhw-mulx\libc.a(lib_a-int_errno.o)
                0x0000000000013898                errno
 .sbss          0x000000000001389c        0xc ../cpu_1_bsp/\libhal_bsp.a(alt_main.o)
                0x000000000001389c                alt_argc
                0x00000000000138a0                alt_argv
                0x00000000000138a4                alt_envp
 .sbss          0x00000000000138a8        0x4 ../cpu_1_bsp/\libhal_bsp.a(alt_irq_vars.o)
                0x00000000000138a8                alt_irq_active
 .sbss          0x00000000000138ac        0x8 ../cpu_1_bsp/\libhal_bsp.a(alt_tick.o)
                0x00000000000138ac                _alt_tick_rate
                0x00000000000138b0                _alt_nticks
 .sbss          0x00000000000138b4        0x4 ../cpu_1_bsp/\libhal_bsp.a(alt_instruction_exception_entry.o)
                0x00000000000138b4                alt_instruction_exception_handler
 *(.sbss2 .sbss2.* .gnu.linkonce.sb2.*)
 *(.scommon)
                0x00000000000138b8                PROVIDE (__sbss_end, ABSOLUTE (.))
                0x00000000000138b8                PROVIDE (___sbss_end, ABSOLUTE (.))
 *(.dynbss)
 *(.bss .bss.* .gnu.linkonce.b.*)
 .bss           0x00000000000138b8        0x0 ../cpu_1_bsp//obj/HAL/src/crt0.o
 .bss           0x00000000000138b8        0x0 obj/default/cpu_1.o
 .bss           0x00000000000138b8        0x0 c:/altera_lite/15.1/nios2eds/bin/gnu/h-x86_64-mingw32/bin/../lib/gcc/nios2-elf/4.9.2/../../../../../H-x86_64-mingw32/nios2-elf/lib/mhw-mulx\libc.a(lib_a-memcpy.o)
 .bss           0x00000000000138b8        0x0 c:/altera_lite/15.1/nios2eds/bin/gnu/h-x86_64-mingw32/bin/../lib/gcc/nios2-elf/4.9.2/../../../../../H-x86_64-mingw32/nios2-elf/lib/mhw-mulx\libc.a(lib_a-memset.o)
 .bss           0x00000000000138b8        0x0 c:/altera_lite/15.1/nios2eds/bin/gnu/h-x86_64-mingw32/bin/../lib/gcc/nios2-elf/4.9.2/../../../../../H-x86_64-mingw32/nios2-elf/lib/mhw-mulx\libc.a(lib_a-printf.o)
 .bss           0x00000000000138b8        0x0 c:/altera_lite/15.1/nios2eds/bin/gnu/h-x86_64-mingw32/bin/../lib/gcc/nios2-elf/4.9.2/../../../../../H-x86_64-mingw32/nios2-elf/lib/mhw-mulx\libc.a(lib_a-putchar.o)
 .bss           0x00000000000138b8        0x0 c:/altera_lite/15.1/nios2eds/bin/gnu/h-x86_64-mingw32/bin/../lib/gcc/nios2-elf/4.9.2/../../../../../H-x86_64-mingw32/nios2-elf/lib/mhw-mulx\libc.a(lib_a-puts.o)
 .bss           0x00000000000138b8        0x0 c:/altera_lite/15.1/nios2eds/bin/gnu/h-x86_64-mingw32/bin/../lib/gcc/nios2-elf/4.9.2/../../../../../H-x86_64-mingw32/nios2-elf/lib/mhw-mulx\libc.a(lib_a-strlen.o)
 .bss           0x00000000000138b8        0x0 c:/altera_lite/15.1/nios2eds/bin/gnu/h-x86_64-mingw32/bin/../lib/gcc/nios2-elf/4.9.2/../../../../../H-x86_64-mingw32/nios2-elf/lib/mhw-mulx\libc.a(lib_a-vfprintf.o)
 .bss           0x00000000000138b8        0x0 c:/altera_lite/15.1/nios2eds/bin/gnu/h-x86_64-mingw32/bin/../lib/gcc/nios2-elf/4.9.2/../../../../../H-x86_64-mingw32/nios2-elf/lib/mhw-mulx\libc.a(lib_a-wsetup.o)
 .bss           0x00000000000138b8        0x0 c:/altera_lite/15.1/nios2eds/bin/gnu/h-x86_64-mingw32/bin/../lib/gcc/nios2-elf/4.9.2/../../../../../H-x86_64-mingw32/nios2-elf/lib/mhw-mulx\libc.a(lib_a-dtoa.o)
 .bss           0x00000000000138b8        0x0 c:/altera_lite/15.1/nios2eds/bin/gnu/h-x86_64-mingw32/bin/../lib/gcc/nios2-elf/4.9.2/../../../../../H-x86_64-mingw32/nios2-elf/lib/mhw-mulx\libc.a(lib_a-fflush.o)
 .bss           0x00000000000138b8        0x0 c:/altera_lite/15.1/nios2eds/bin/gnu/h-x86_64-mingw32/bin/../lib/gcc/nios2-elf/4.9.2/../../../../../H-x86_64-mingw32/nios2-elf/lib/mhw-mulx\libc.a(lib_a-findfp.o)
 .bss           0x00000000000138b8        0x0 c:/altera_lite/15.1/nios2eds/bin/gnu/h-x86_64-mingw32/bin/../lib/gcc/nios2-elf/4.9.2/../../../../../H-x86_64-mingw32/nios2-elf/lib/mhw-mulx\libc.a(lib_a-freer.o)
 .bss           0x00000000000138b8        0x0 c:/altera_lite/15.1/nios2eds/bin/gnu/h-x86_64-mingw32/bin/../lib/gcc/nios2-elf/4.9.2/../../../../../H-x86_64-mingw32/nios2-elf/lib/mhw-mulx\libc.a(lib_a-fvwrite.o)
 .bss           0x00000000000138b8        0x0 c:/altera_lite/15.1/nios2eds/bin/gnu/h-x86_64-mingw32/bin/../lib/gcc/nios2-elf/4.9.2/../../../../../H-x86_64-mingw32/nios2-elf/lib/mhw-mulx\libc.a(lib_a-fwalk.o)
 .bss           0x00000000000138b8        0x0 c:/altera_lite/15.1/nios2eds/bin/gnu/h-x86_64-mingw32/bin/../lib/gcc/nios2-elf/4.9.2/../../../../../H-x86_64-mingw32/nios2-elf/lib/mhw-mulx\libc.a(lib_a-impure.o)
 .bss           0x00000000000138b8        0x0 c:/altera_lite/15.1/nios2eds/bin/gnu/h-x86_64-mingw32/bin/../lib/gcc/nios2-elf/4.9.2/../../../../../H-x86_64-mingw32/nios2-elf/lib/mhw-mulx\libc.a(lib_a-locale.o)
 .bss           0x00000000000138b8        0x0 c:/altera_lite/15.1/nios2eds/bin/gnu/h-x86_64-mingw32/bin/../lib/gcc/nios2-elf/4.9.2/../../../../../H-x86_64-mingw32/nios2-elf/lib/mhw-mulx\libc.a(lib_a-makebuf.o)
 .bss           0x00000000000138b8        0x0 c:/altera_lite/15.1/nios2eds/bin/gnu/h-x86_64-mingw32/bin/../lib/gcc/nios2-elf/4.9.2/../../../../../H-x86_64-mingw32/nios2-elf/lib/mhw-mulx\libc.a(lib_a-mallocr.o)
 .bss.__malloc_current_mallinfo
                0x00000000000138b8       0x28 c:/altera_lite/15.1/nios2eds/bin/gnu/h-x86_64-mingw32/bin/../lib/gcc/nios2-elf/4.9.2/../../../../../H-x86_64-mingw32/nios2-elf/lib/mhw-mulx\libc.a(lib_a-mallocr.o)
                0x00000000000138b8                __malloc_current_mallinfo
 .bss           0x00000000000138e0        0x0 c:/altera_lite/15.1/nios2eds/bin/gnu/h-x86_64-mingw32/bin/../lib/gcc/nios2-elf/4.9.2/../../../../../H-x86_64-mingw32/nios2-elf/lib/mhw-mulx\libc.a(lib_a-memchr.o)
 .bss           0x00000000000138e0        0x0 c:/altera_lite/15.1/nios2eds/bin/gnu/h-x86_64-mingw32/bin/../lib/gcc/nios2-elf/4.9.2/../../../../../H-x86_64-mingw32/nios2-elf/lib/mhw-mulx\libc.a(lib_a-memmove.o)
 .bss           0x00000000000138e0        0x0 c:/altera_lite/15.1/nios2eds/bin/gnu/h-x86_64-mingw32/bin/../lib/gcc/nios2-elf/4.9.2/../../../../../H-x86_64-mingw32/nios2-elf/lib/mhw-mulx\libc.a(lib_a-mprec.o)
 .bss           0x00000000000138e0        0x0 c:/altera_lite/15.1/nios2eds/bin/gnu/h-x86_64-mingw32/bin/../lib/gcc/nios2-elf/4.9.2/../../../../../H-x86_64-mingw32/nios2-elf/lib/mhw-mulx\libc.a(lib_a-putc.o)
 .bss           0x00000000000138e0        0x0 c:/altera_lite/15.1/nios2eds/bin/gnu/h-x86_64-mingw32/bin/../lib/gcc/nios2-elf/4.9.2/../../../../../H-x86_64-mingw32/nios2-elf/lib/mhw-mulx\libc.a(lib_a-reallocr.o)
 .bss           0x00000000000138e0        0x0 c:/altera_lite/15.1/nios2eds/bin/gnu/h-x86_64-mingw32/bin/../lib/gcc/nios2-elf/4.9.2/../../../../../H-x86_64-mingw32/nios2-elf/lib/mhw-mulx\libc.a(lib_a-s_fpclassify.o)
 .bss           0x00000000000138e0        0x0 c:/altera_lite/15.1/nios2eds/bin/gnu/h-x86_64-mingw32/bin/../lib/gcc/nios2-elf/4.9.2/../../../../../H-x86_64-mingw32/nios2-elf/lib/mhw-mulx\libc.a(lib_a-sbrkr.o)